2026-03-10 14:10:49 - [INFO] - Cambiando a tab:  verificador
2026-03-10 14:10:50 - [INFO] - Argos iniciado correctamente
2026-03-10 14:10:51 - [INFO] - Cambiando a tab:  generador
2026-03-10 14:11:01 - [INFO] - Certificado cargado: LCSH-2259.pdf
2026-03-10 14:11:04 - [INFO] - === GENERANDO DJC DIRECTO ===
2026-03-10 14:11:04 - [INFO] - [M3] Modo: comun
2026-03-10 14:11:04 - [INFO] - [M3] Archivo: LCSH-2259.pdf
2026-03-10 14:11:04 - [INFO] - [M3] Inicializando DJCGenerator...
2026-03-10 14:11:04 - [INFO] - [M3] Extrayendo texto del PDF...
2026-03-10 14:11:04 - [INFO] - [M3] ── Nro. Certificado : LCSH-2259
2026-03-10 14:11:04 - [INFO] - [M3] ── OEC detectado   : Lenor
2026-03-10 14:11:04 - [INFO] - [M3] ── Normas          : IEC 60335-2-7: 2024 (Ed. 9.0), IEC 60335-1: 2020 (Ed. 6.0)
2026-03-10 14:11:04 - [INFO] - [M3] ── Fecha emisión   : 10/02/2026
2026-03-10 14:11:04 - [INFO] - [M3] ── Fecha venc.     : [no encontrada]
2026-03-10 14:11:04 - [INFO] - [M3] ── Reglamento      : Res. SIyC Nº 16/2025 – Ap. II (Aparatos Eléctricos Domésticos)
2026-03-10 14:11:04 - [INFO] - [M3] Extrayendo datos del producto...
2026-03-10 14:11:04 - [INFO] - [M3] ── Marca           : GADNIC
2026-03-10 14:11:04 - [INFO] - [M3] ── Fabricante      : Jiangsu Konka Smart Electrical Appliances Co., Ltd.
2026-03-10 14:11:04 - [INFO] - [M3] ── Producto desc   : Lavarropas
2026-03-10 14:11:04 - [INFO] - [M3] ── Modelos         : GAD-WM60, GAD-WM80, GAD-WM120, GAD-WM60B, GAD-WM80B, GAD-WM120B
2026-03-10 14:11:04 - [INFO] - [M3] ── Specs           : 220-240 V~; 50 Hz; 1850 W; IPX4; Clase I
2026-03-10 14:11:04 - [INFO] - [M3] ── Fecha emisión   : 10/02/2026
2026-03-10 14:11:04 - [INFO] - [M3] ── Fecha venc.     : 10/02/2028
2026-03-10 14:11:04 - [INFO] - [M3] Armando datos finales DJC...
2026-03-10 14:11:04 - [INFO] - [M3] Bidcom manual: 'C862' → ID: DJC-SE-0326-C862-LNR-V1
2026-03-10 14:11:04 - [INFO] - [M3] ✓ Datos listos — abriendo formulario DJC
2026-03-10 14:11:04 - [INFO] - === ABRIENDO VISTA DJC ===
2026-03-10 14:11:05 - [INFO] - Vista DJC renderizada correctamente
2026-03-10 14:11:28 - [INFO] - === GENERANDO DJC ===
2026-03-10 14:11:29 - [INFO] - [M3] DJC Word guardada en temp: C:\Users\FDean\AppData\Local\Temp\argos_djc_preview\DJC-SE-0326-C862-LNR-V1_djc_6.docx
2026-03-10 14:11:45 - [INFO] - [M3] ✓ PDF borrador listo: C:\Users\FDean\AppData\Local\Temp\argos_djc_preview\DJC-SE-0326-C862-LNR-V1_1773162698.pdf
2026-03-10 14:12:19 - [INFO] - [M3] Guardado final (solo PDF final): C:\Users\FDean\Documents\DJC generadas\C862\DJC-SE-0326-C862-LNR-V1.pdf
2026-03-10 14:12:19 - [INFO] - [M3] === GENERACIÓN FINALIZADA Y GUARDADA ===
2026-03-10 14:36:41 - [INFO] - Copiado: LCSH-2259
2026-03-10 14:36:47 - [INFO] - Copiado: DJC-SE-0326-C862-LNR-V1
2026-03-10 14:37:01 - [INFO] - Copiado: 10/02/2026
2026-03-10 14:37:05 - [INFO] - Copiado: 10/02/2028
2026-03-10 14:37:09 - [INFO] - Copiado: 12/11/2027
2026-03-10 14:56:13 - [INFO] - Cambiando a tab:  generador
2026-03-10 15:54:29 - [INFO] - Certificado cargado: LCSH-2259.pdf
2026-03-10 15:54:31 - [INFO] - === GENERANDO DJC DIRECTO ===
2026-03-10 15:54:31 - [INFO] - [M3] Modo: comun
2026-03-10 15:54:31 - [INFO] - [M3] Archivo: LCSH-2259.pdf
2026-03-10 15:54:31 - [INFO] - [M3] Inicializando DJCGenerator...
2026-03-10 15:54:31 - [INFO] - [M3] Extrayendo texto del PDF...
2026-03-10 15:54:31 - [INFO] - [M3] ── Nro. Certificado : LCSH-2259
2026-03-10 15:54:31 - [INFO] - [M3] ── OEC detectado   : Lenor
2026-03-10 15:54:31 - [INFO] - [M3] ── Normas          : IEC 60335-2-7: 2024 (Ed. 9.0), IEC 60335-1: 2020 (Ed. 6.0)
2026-03-10 15:54:31 - [INFO] - [M3] ── Fecha emisión   : 10/02/2026
2026-03-10 15:54:31 - [INFO] - [M3] ── Fecha venc.     : [no encontrada]
2026-03-10 15:54:31 - [INFO] - [M3] ── Reglamento      : Res. SIyC Nº 16/2025 – Ap. II (Aparatos Eléctricos Domésticos)
2026-03-10 15:54:31 - [INFO] - [M3] Extrayendo datos del producto...
2026-03-10 15:54:31 - [INFO] - [M3] ── Marca           : GADNIC
2026-03-10 15:54:31 - [INFO] - [M3] ── Fabricante      : Jiangsu Konka Smart Electrical Appliances Co., Ltd.
2026-03-10 15:54:31 - [INFO] - [M3] ── Producto desc   : Lavarropas
2026-03-10 15:54:31 - [INFO] - [M3] ── Modelos         : GAD-WM60, GAD-WM80, GAD-WM120, GAD-WM60B, GAD-WM80B, GAD-WM120B
2026-03-10 15:54:31 - [INFO] - [M3] ── Specs           : 220-240 V~; 50 Hz; 1850 W; IPX4; Clase I
2026-03-10 15:54:31 - [INFO] - [M3] ── Fecha emisión   : 10/02/2026
2026-03-10 15:54:31 - [INFO] - [M3] ── Fecha venc.     : 10/02/2028
2026-03-10 15:54:31 - [INFO] - [M3] Armando datos finales DJC...
2026-03-10 15:54:32 - [INFO] - [M3] Bidcom manual: 'C862' → ID: DJC-SE-0326-C862-LNR-V1
2026-03-10 15:54:32 - [INFO] - [M3] ✓ Datos listos — abriendo formulario DJC
2026-03-10 15:54:32 - [INFO] - === ABRIENDO VISTA DJC ===
2026-03-10 15:54:32 - [INFO] - Vista DJC renderizada correctamente
