2026-02-10 17:56:06 - [INFO] - Argos iniciado correctamente
2026-02-10 17:56:13 - [INFO] - 1 certificado(s) agregado(s)
2026-02-10 17:56:15 - [INFO] - Datasheet cargado: C:/Users/FDean/Antigravity/Argos Proyect/Datasheet caso 4 convenio.xlsx
2026-02-10 17:56:16 - [INFO] - Parseando datasheet...
2026-02-10 17:56:16 - [INFO] - Datasheet parseado: SEGURIDAD_ELECTRICA - DJI - 1 modelo(s)
2026-02-10 17:56:17 - [INFO] - === INICIANDO AUDITORÍA ===
2026-02-10 17:56:17 - [INFO] - Datasheet: C:/Users/FDean/Antigravity/Argos Proyect/Datasheet caso 4 convenio.xlsx
2026-02-10 17:56:17 - [INFO] - Certificados: 1
2026-02-10 17:56:17 - [INFO] - Mapeado: SEGURIDAD_ELECTRICA -> datasheet caso 4 CE.pdf
2026-02-10 17:56:17 - [INFO] - Ejecutando auditoría con estrategias adaptativas...
2026-02-10 17:56:17 - [INFO] - 
2026-02-10 17:56:17 - [INFO] - ╔══════════════════════════════════════════╗
2026-02-10 17:56:17 - [INFO] - ║  INICIANDO AUDITORÍA MULTICERTIFICADO   ║
2026-02-10 17:56:17 - [INFO] - ╚══════════════════════════════════════════╝
2026-02-10 17:56:17 - [INFO] - 
2026-02-10 17:56:17 - [INFO] - Certificados requeridos: 1
2026-02-10 17:56:17 - [INFO] -   1. SEGURIDAD_ELECTRICA
2026-02-10 17:56:17 - [INFO] - 
2026-02-10 17:56:17 - [INFO] - ────────────────────────────────────────────────────────────
2026-02-10 17:56:17 - [INFO] - PROCESANDO: SEGURIDAD_ELECTRICA
2026-02-10 17:56:17 - [INFO] - ────────────────────────────────────────────────────────────
2026-02-10 17:56:17 - [INFO] - 📄 PDF: datasheet caso 4 CE.pdf
2026-02-10 17:56:17 - [DEBUG] -   Path completo: C:/Users/FDean/Antigravity/Argos Proyect/datasheet caso 4 CE.pdf
2026-02-10 17:56:17 - [DEBUG] - Extrayendo texto del PDF...
2026-02-10 17:56:17 - [INFO] - ✓ Texto extraído: 2898 caracteres
2026-02-10 17:56:17 - [DEBUG] -   Primeros 200 caracteres: 10/061SMD 2024-12 rke-simplified
 Ref. Certif. No. 
JPTUV-180629 
IEC SYSTEM FOR MUTUAL RECOGNITION OF TEST CERTIFICATES FOR ELECTRICAL EQUIPMENT 
(IECEE) CB SCHEME 
CB TEST CERTIFICATE 
Product 
Port...
2026-02-10 17:56:17 - [DEBUG] - Tipo de producto: SEGURIDAD_ELECTRICA
2026-02-10 17:56:17 - [DEBUG] - 
=== DETECCIÓN DE ESTRATEGIA DE VALIDACIÓN ===
2026-02-10 17:56:17 - [DEBUG] - Tipo de producto: SEGURIDAD_ELECTRICA
2026-02-10 17:56:17 - [DEBUG] - Analizando contenido del certificado...
2026-02-10 17:56:17 - [INFO] - ✓ Estrategia detectada: CB SCHEME
2026-02-10 17:56:17 - [DEBUG] - Keywords encontradas: CB Scheme / IECEE
2026-02-10 17:56:17 - [INFO] - 
2026-02-10 17:56:17 - [INFO] - === Validación con CB SCHEME STRATEGY ===
2026-02-10 17:56:17 - [INFO] - Tipo de certificado: SEGURIDAD_ELECTRICA
2026-02-10 17:56:17 - [DEBUG] - CB Scheme: Estructura internacional estandarizada
2026-02-10 17:56:17 - [DEBUG] - Campo MARCA en CB: Aparece como 'Trademark' o 'Brand'
2026-02-10 17:56:17 - [DEBUG] - 
>> Validando campo: MARCA (Hard Match)
2026-02-10 17:56:17 - [DEBUG] -    Esperado: "DJI"
2026-02-10 17:56:17 - [DEBUG] -    Buscando en PDF...
2026-02-10 17:56:17 - [DEBUG] -    Valores a buscar: ['DJI']
2026-02-10 17:56:17 - [INFO] -    ✓ Marca: Match encontrado - "DJI"
2026-02-10 17:56:17 - [DEBUG] - Campo MODELO en CB: Aparece como 'Model' o 'Type Reference'
2026-02-10 17:56:17 - [DEBUG] - 
>> Validando MODELOS (Lista completa)
2026-02-10 17:56:17 - [DEBUG] -    Modelos esperados: ['DYM1000M']
2026-02-10 17:56:17 - [DEBUG] -    Buscando modelo: "DYM1000M"
2026-02-10 17:56:17 - [DEBUG] -       → ✓ Encontrado
2026-02-10 17:56:17 - [INFO] -    ✓ MODELOS: Todos encontrados (1 modelos)
2026-02-10 17:56:17 - [DEBUG] - Campo FÁBRICA: Threshold relajado (70%) por formato variable
2026-02-10 17:56:17 - [DEBUG] - 
>> Validando campo: FÁBRICA (Fuzzy Match, threshold=70%)
2026-02-10 17:56:17 - [DEBUG] -    Esperado: ['Lobby of T2, DJI Sky City, No. 53 Xianyuan Road, Xili Community, Xili Street, Nanshan District, Shenzhen, China.']
2026-02-10 17:56:17 - [DEBUG] -    Buscando coincidencias fuzzy...
2026-02-10 17:56:17 - [DEBUG] -    - "Lobby of T2, DJI Sky City, No. 53 Xianyuan Road, Xili Community, Xili Street, Nanshan District, Shenzhen, China.": 96% similitud
2026-02-10 17:56:17 - [INFO] -    ✓ Fábrica: Match aceptable (96% >= 70%)
2026-02-10 17:56:17 - [DEBUG] - Validando especificaciones técnicas (voltajes, potencias...)
2026-02-10 17:56:17 - [DEBUG] - 
>> Validando ESPECIFICACIONES TÉCNICAS (CB Scheme)
2026-02-10 17:56:17 - [DEBUG] -    Specs desde datasheet: Estación de energía portátil

- Especificaciones eléctricas:

Entradas:

- CA: 220-240 V~, 50/60Hz, ...
2026-02-10 17:56:17 - [DEBUG] -    Valores técnicos en datasheet: {'105 A', '400W', '2200W', '800W', '2,4A', '230V~', '100 A', '12W', '4,5A', '9,6V⎓', '300W', '60 Hz', '1008 W', '5V⎓', '240V~', '28V⎓', '240 V~', '960 W', '60Hz', '5A', '220 V~', '1000W', '50Hz', '100W', '20V⎓'}
2026-02-10 17:56:17 - [DEBUG] -    Valores técnicos en certificado: 26 encontrados
2026-02-10 17:56:17 - [DEBUG] -    Coincidencias: {'1000W', '12W', '50Hz', '100W', '400W', '2200W', '300W', '800W', '60Hz', '5A'}
2026-02-10 17:56:17 - [WARNING] -    ⚠️ SPECS: Match parcial (10/25 valores)
2026-02-10 17:56:17 - [INFO] - 
2026-02-10 17:56:17 - [WARNING] - Estado: WARNING (1 advertencias)
2026-02-10 17:56:17 - [INFO] - 
2026-02-10 17:56:17 - [INFO] - ════════════════════════════════════════════════════════════
2026-02-10 17:56:17 - [INFO] - AUDITORÍA COMPLETADA - Estado global: WARNING
2026-02-10 17:56:17 - [INFO] - ════════════════════════════════════════════════════════════
2026-02-10 17:56:17 - [INFO] - 
2026-02-10 17:56:17 - [INFO] - Auditoría completada. Estado: WARNING
2026-02-10 17:56:45 - [INFO] - Log guardado en: logs\argos_20260210_175605.log
2026-02-10 17:57:05 - [INFO] - Tema cambiado a: Matrix
2026-02-10 17:57:07 - [INFO] - Tema cambiado a: Claro
2026-02-10 17:57:46 - [INFO] - 1 certificado(s) agregado(s)
2026-02-10 17:57:48 - [INFO] - Datasheet cargado: C:/Users/FDean/Antigravity/Argos Proyect/Datasheet caso 4 convenio.xlsx
2026-02-10 17:57:48 - [INFO] - Parseando datasheet...
2026-02-10 17:57:48 - [INFO] - Datasheet parseado: SEGURIDAD_ELECTRICA - DJI - 1 modelo(s)
2026-02-10 17:57:49 - [INFO] - === INICIANDO AUDITORÍA ===
2026-02-10 17:57:49 - [INFO] - Datasheet: C:/Users/FDean/Antigravity/Argos Proyect/Datasheet caso 4 convenio.xlsx
2026-02-10 17:57:49 - [INFO] - Certificados: 2
2026-02-10 17:57:49 - [INFO] - Mapeado: SEGURIDAD_ELECTRICA -> datasheet caso 4 CE.pdf
2026-02-10 17:57:49 - [INFO] - Ejecutando auditoría con estrategias adaptativas...
2026-02-10 17:57:49 - [INFO] - 
2026-02-10 17:57:49 - [INFO] - ╔══════════════════════════════════════════╗
2026-02-10 17:57:49 - [INFO] - ║  INICIANDO AUDITORÍA MULTICERTIFICADO   ║
2026-02-10 17:57:49 - [INFO] - ╚══════════════════════════════════════════╝
2026-02-10 17:57:49 - [INFO] - 
2026-02-10 17:57:49 - [INFO] - Certificados requeridos: 1
2026-02-10 17:57:49 - [INFO] -   1. SEGURIDAD_ELECTRICA
2026-02-10 17:57:49 - [INFO] - 
2026-02-10 17:57:49 - [INFO] - ────────────────────────────────────────────────────────────
2026-02-10 17:57:49 - [INFO] - PROCESANDO: SEGURIDAD_ELECTRICA
2026-02-10 17:57:49 - [INFO] - ────────────────────────────────────────────────────────────
2026-02-10 17:57:49 - [INFO] - 📄 PDF: datasheet caso 4 CE.pdf
2026-02-10 17:57:49 - [DEBUG] -   Path completo: C:/Users/FDean/Antigravity/Argos Proyect/datasheet caso 4 CE.pdf
2026-02-10 17:57:49 - [DEBUG] - Extrayendo texto del PDF...
2026-02-10 17:57:49 - [INFO] - ✓ Texto extraído: 2898 caracteres
2026-02-10 17:57:49 - [DEBUG] -   Primeros 200 caracteres: 10/061SMD 2024-12 rke-simplified
 Ref. Certif. No. 
JPTUV-180629 
IEC SYSTEM FOR MUTUAL RECOGNITION OF TEST CERTIFICATES FOR ELECTRICAL EQUIPMENT 
(IECEE) CB SCHEME 
CB TEST CERTIFICATE 
Product 
Port...
2026-02-10 17:57:49 - [DEBUG] - Tipo de producto: SEGURIDAD_ELECTRICA
2026-02-10 17:57:49 - [DEBUG] - 
=== DETECCIÓN DE ESTRATEGIA DE VALIDACIÓN ===
2026-02-10 17:57:49 - [DEBUG] - Tipo de producto: SEGURIDAD_ELECTRICA
2026-02-10 17:57:49 - [DEBUG] - Analizando contenido del certificado...
2026-02-10 17:57:49 - [INFO] - ✓ Estrategia detectada: CB SCHEME
2026-02-10 17:57:49 - [DEBUG] - Keywords encontradas: CB Scheme / IECEE
2026-02-10 17:57:49 - [INFO] - 
2026-02-10 17:57:49 - [INFO] - === Validación con CB SCHEME STRATEGY ===
2026-02-10 17:57:49 - [INFO] - Tipo de certificado: SEGURIDAD_ELECTRICA
2026-02-10 17:57:49 - [DEBUG] - CB Scheme: Estructura internacional estandarizada
2026-02-10 17:57:49 - [DEBUG] - Campo MARCA en CB: Aparece como 'Trademark' o 'Brand'
2026-02-10 17:57:49 - [DEBUG] - 
>> Validando campo: MARCA (Hard Match)
2026-02-10 17:57:49 - [DEBUG] -    Esperado: "DJI"
2026-02-10 17:57:49 - [DEBUG] -    Buscando en PDF...
2026-02-10 17:57:49 - [DEBUG] -    Valores a buscar: ['DJI']
2026-02-10 17:57:49 - [INFO] -    ✓ Marca: Match encontrado - "DJI"
2026-02-10 17:57:49 - [DEBUG] - Campo MODELO en CB: Aparece como 'Model' o 'Type Reference'
2026-02-10 17:57:49 - [DEBUG] - 
>> Validando MODELOS (Lista completa)
2026-02-10 17:57:49 - [DEBUG] -    Modelos esperados: ['DYM1000M']
2026-02-10 17:57:49 - [DEBUG] -    Buscando modelo: "DYM1000M"
2026-02-10 17:57:49 - [DEBUG] -       → ✓ Encontrado
2026-02-10 17:57:49 - [INFO] -    ✓ MODELOS: Todos encontrados (1 modelos)
2026-02-10 17:57:49 - [DEBUG] - Campo FÁBRICA: Threshold relajado (70%) por formato variable
2026-02-10 17:57:49 - [DEBUG] - 
>> Validando campo: FÁBRICA (Fuzzy Match, threshold=70%)
2026-02-10 17:57:49 - [DEBUG] -    Esperado: ['Lobby of T2, DJI Sky City, No. 53 Xianyuan Road, Xili Community, Xili Street, Nanshan District, Shenzhen, China.']
2026-02-10 17:57:49 - [DEBUG] -    Buscando coincidencias fuzzy...
2026-02-10 17:57:49 - [DEBUG] -    - "Lobby of T2, DJI Sky City, No. 53 Xianyuan Road, Xili Community, Xili Street, Nanshan District, Shenzhen, China.": 96% similitud
2026-02-10 17:57:49 - [INFO] -    ✓ Fábrica: Match aceptable (96% >= 70%)
2026-02-10 17:57:49 - [DEBUG] - Validando especificaciones técnicas (voltajes, potencias...)
2026-02-10 17:57:49 - [DEBUG] - 
>> Validando ESPECIFICACIONES TÉCNICAS (CB Scheme)
2026-02-10 17:57:49 - [DEBUG] -    Specs desde datasheet: Estación de energía portátil

- Especificaciones eléctricas:

Entradas:

- CA: 220-240 V~, 50/60Hz, ...
2026-02-10 17:57:49 - [DEBUG] -    Valores técnicos en datasheet: {'105 A', '400W', '2200W', '800W', '2,4A', '230V~', '100 A', '12W', '4,5A', '9,6V⎓', '300W', '60 Hz', '1008 W', '5V⎓', '240V~', '28V⎓', '240 V~', '960 W', '60Hz', '5A', '220 V~', '1000W', '50Hz', '100W', '20V⎓'}
2026-02-10 17:57:49 - [DEBUG] -    Valores técnicos en certificado: 26 encontrados
2026-02-10 17:57:49 - [DEBUG] -    Coincidencias: {'1000W', '12W', '50Hz', '100W', '400W', '2200W', '300W', '800W', '60Hz', '5A'}
2026-02-10 17:57:49 - [WARNING] -    ⚠️ SPECS: Match parcial (10/25 valores)
2026-02-10 17:57:49 - [INFO] - 
2026-02-10 17:57:49 - [WARNING] - Estado: WARNING (1 advertencias)
2026-02-10 17:57:49 - [INFO] - 
2026-02-10 17:57:49 - [INFO] - ════════════════════════════════════════════════════════════
2026-02-10 17:57:49 - [INFO] - AUDITORÍA COMPLETADA - Estado global: WARNING
2026-02-10 17:57:49 - [INFO] - ════════════════════════════════════════════════════════════
2026-02-10 17:57:49 - [INFO] - 
2026-02-10 17:57:49 - [INFO] - Auditoría completada. Estado: WARNING
