2026-03-10 17:57:29 - [INFO] - Cambiando a tab:  verificador
2026-03-10 17:57:29 - [INFO] - Argos iniciado correctamente
2026-03-10 17:57:30 - [INFO] - Cambiando a tab:  generador
2026-03-10 17:57:36 - [INFO] - Certificado cargado: LCSH-2259.pdf
2026-03-10 17:57:38 - [INFO] - === GENERANDO DJC DIRECTO ===
2026-03-10 17:57:38 - [INFO] - [M3] Modo: comun
2026-03-10 17:57:38 - [INFO] - [M3] Archivo: LCSH-2259.pdf
2026-03-10 17:57:38 - [INFO] - [M3] Inicializando DJCGenerator...
2026-03-10 17:57:38 - [INFO] - [M3] Extrayendo texto del PDF...
2026-03-10 17:57:38 - [INFO] - [M3] ── Nro. Certificado : LCSH-2259
2026-03-10 17:57:38 - [INFO] - [M3] ── OEC detectado   : Lenor
2026-03-10 17:57:38 - [INFO] - [M3] ── Normas          : IEC 60335-2-7: 2024 (Ed. 9.0), IEC 60335-1: 2020 (Ed. 6.0)
2026-03-10 17:57:38 - [INFO] - [M3] ── Fecha emisión   : 10/02/2026
2026-03-10 17:57:38 - [INFO] - [M3] ── Fecha venc.     : [no encontrada]
2026-03-10 17:57:38 - [INFO] - [M3] ── Reglamento      : Res. SIyC Nº 16/2025 – Ap. II (Aparatos Eléctricos Domésticos)
2026-03-10 17:57:38 - [INFO] - [M3] Extrayendo datos del producto...
2026-03-10 17:57:38 - [INFO] - [M3] ── Marca           : GADNIC
2026-03-10 17:57:38 - [INFO] - [M3] ── Fabricante      : Jiangsu Konka Smart Electrical Appliances Co., Ltd.
2026-03-10 17:57:38 - [INFO] - [M3] ── Producto desc   : Lavarropas
2026-03-10 17:57:38 - [INFO] - [M3] ── Modelos         : GAD-WM60, GAD-WM80, GAD-WM120, GAD-WM60B, GAD-WM80B, GAD-WM120B
2026-03-10 17:57:38 - [INFO] - [M3] ── Specs           : 220-240 V~; 50 Hz; 1850 W; IPX4; Clase I
2026-03-10 17:57:38 - [INFO] - [M3] ── Fecha emisión   : 10/02/2026
2026-03-10 17:57:38 - [INFO] - [M3] ── Fecha venc.     : 10/02/2028
2026-03-10 17:57:38 - [INFO] - [M3] Armando datos finales DJC...
2026-03-10 17:57:38 - [INFO] - [M3] Bidcom manual: 'C862' → ID: DJC-SE-0326-C862-LNR-V1
2026-03-10 17:57:38 - [INFO] - [M3] ✓ Datos listos — abriendo formulario DJC
2026-03-10 17:57:38 - [INFO] - === ABRIENDO VISTA DJC ===
2026-03-10 17:57:38 - [INFO] - Vista DJC renderizada correctamente
2026-03-10 17:57:47 - [INFO] - === GENERANDO DJC ===
2026-03-10 17:57:47 - [INFO] - [M3] DJC Word guardada en temp: C:\Users\FDean\AppData\Local\Temp\argos_djc_preview\DJC-SE-0326-C862-LNR-V1_djc_12.docx
2026-03-10 17:57:59 - [INFO] - [M3] ✓ PDF borrador listo: C:\Users\FDean\AppData\Local\Temp\argos_djc_preview\DJC-SE-0326-C862-LNR-V1_1773176275.pdf
2026-03-10 17:57:59 - [INFO] - [M3] DJC Codificada — Fabricante original: 'Jiangsu Konka Smart Electrical Appliance...'
2026-03-10 17:57:59 - [INFO] - [M3] DJC Codificada — Texto de resguardo: 'Información Restringida - Res. SIyC 237/2024 (China)'
2026-03-10 17:57:59 - [INFO] - [M3] DJC Word guardada en temp: C:\Users\FDean\AppData\Local\Temp\argos_djc_preview\DJC-SE-0326-C862-LNR-V1_djc_13.docx
2026-03-10 17:58:04 - [INFO] - [M3] Certificado censurado guardado en: C:\Users\FDean\AppData\Local\Temp\argos_djc_preview\DJC-SE-0326-C862-LNR-V1_cert_cod.pdf
2026-03-10 17:58:06 - [INFO] - [M3] ✓ PDF borrador listo: C:\Users\FDean\AppData\Local\Temp\argos_djc_preview\DJC-SE-0326-C862-LNR-V1_1773176284.pdf
