2026-02-26 09:06:34 - [INFO] - Cambiando a tab:  verificador
2026-02-26 09:06:35 - [INFO] - Argos iniciado correctamente
2026-02-26 09:06:39 - [INFO] - Cambiando a tab:  generador
2026-02-26 09:11:18 - [INFO] - Nota de extensión cargada: Nota de ExtensiÃ³n Bidcom SRL 02-26 (1).pdf
2026-02-26 09:11:25 - [INFO] - Certificado cargado: DJC12992SE - BIDCOM - TCSE-IACSA-0146-413.1 (1).pdf
2026-02-26 09:11:27 - [INFO] - === GENERANDO DJC DIRECTO ===
2026-02-26 09:11:27 - [INFO] - [M3] Modo: extension
2026-02-26 09:11:27 - [INFO] - [M3] Archivo: DJC12992SE - BIDCOM - TCSE-IACSA-0146-413.1 (1).pdf
2026-02-26 09:11:27 - [INFO] - [M3] Extensiones seleccionadas: Caba Innovaciones S.R.L.
2026-02-26 09:11:27 - [INFO] - [M3] Inicializando DJCGenerator...
2026-02-26 09:11:27 - [INFO] - [M3] Extrayendo texto del PDF...
2026-02-26 09:11:27 - [INFO] - [M3] ── Nro. Certificado : IACSA-0146/413
2026-02-26 09:11:27 - [INFO] - [M3] ── OEC detectado   : Intertek
2026-02-26 09:11:27 - [INFO] - [M3] ── Normas          : IEC 60335-1:, IEC 60335-2-15:, IEC 17067
2026-02-26 09:11:27 - [INFO] - [M3] ── Fecha emisión   : [no encontrada]
2026-02-26 09:11:27 - [INFO] - [M3] ── Fecha venc.     : [no encontrada]
2026-02-26 09:11:27 - [INFO] - [M3] ── Reglamento      : Res. SIyC Nº 16/2025 – Ap. II (Aparatos Eléctricos Domésticos)
2026-02-26 09:11:27 - [INFO] - [M3] Extrayendo datos del producto...
2026-02-26 09:11:27 - [INFO] - [M3] ── Marca           : GADNIC.
2026-02-26 09:11:27 - [INFO] - [M3] ── Fabricante      : Ningbo Vasion Electric Appliance Co., Ltd. // No.3, Sitang J
2026-02-26 09:11:27 - [INFO] - [M3] ── Producto desc   : Yogurtera Eléctrica.
2026-02-26 09:11:27 - [INFO] - [M3] ── Modelos         : 1) YG20; 2) YG20A; 3) YO8021; 4) CR501L; 5) YE1500; 6) YMK20U; 7) YUG21E; 8) FYO
2026-02-26 09:11:27 - [INFO] - [M3] ── Specs           : 220-240Vca; 50/60Hz; 20W; Clase II.
2026-02-26 09:11:27 - [INFO] - [M3] ── Fecha emisión   : 16/10/2025
2026-02-26 09:11:27 - [INFO] - [M3] ── Fecha venc.     : 16/10/2027
2026-02-26 09:11:27 - [INFO] - [M3] Armando datos finales DJC...
2026-02-26 09:11:27 - [INFO] - [M3] ✓ Datos listos — abriendo formulario DJC
2026-02-26 09:11:27 - [INFO] - === ABRIENDO VISTA DJC ===
2026-02-26 09:11:27 - [INFO] - Vista DJC renderizada correctamente
2026-02-26 09:12:03 - [INFO] - === GENERANDO DJC ===
2026-02-26 09:12:03 - [INFO] - [M3] DJC Word guardada en: C:\Users\FDean\Documents\DJC generadas\C64\DJC-SE-202602-C64-ITK-V1-EXT-CABA.docx
2026-02-26 09:12:13 - [INFO] - DJC generada: C:\Users\FDean\Documents\DJC generadas\C64\DJC-SE-202602-C64-ITK-V1-EXT-CABA_completo.pdf
2026-02-26 09:12:13 - [INFO] - [M3] ✓ Extensión Caba Innovaciones S.R.L. completada
2026-02-26 09:12:13 - [INFO] - [M3] === 1 extensiones generadas ===
2026-02-26 09:12:13 - [INFO] -   → DJC-SE-202602-C64-ITK-V1-EXT-CABA_completo.pdf
2026-02-26 09:27:12 - [INFO] - Cambiando a tab:  generador
2026-02-26 09:27:29 - [INFO] - Nota de extensión cargada: Nota de ExtensiÃ³n Bidcom SRL 02-26 (1).pdf
2026-02-26 09:27:34 - [INFO] - Certificado cargado: DJC12992SE - BIDCOM - TCSE-IACSA-0146-413.1 (1).pdf
2026-02-26 09:27:43 - [INFO] - === GENERANDO DJC DIRECTO ===
2026-02-26 09:27:43 - [INFO] - [M3] Modo: extension
2026-02-26 09:27:43 - [INFO] - [M3] Archivo: DJC12992SE - BIDCOM - TCSE-IACSA-0146-413.1 (1).pdf
2026-02-26 09:27:43 - [INFO] - [M3] Extensiones seleccionadas: Caba Innovaciones S.R.L.
2026-02-26 09:27:43 - [INFO] - [M3] Inicializando DJCGenerator...
2026-02-26 09:27:43 - [INFO] - [M3] Extrayendo texto del PDF...
2026-02-26 09:27:43 - [INFO] - [M3] ── Nro. Certificado : IACSA-0146/413
2026-02-26 09:27:43 - [INFO] - [M3] ── OEC detectado   : Intertek
2026-02-26 09:27:43 - [INFO] - [M3] ── Normas          : IEC 60335-1:, IEC 60335-2-15:, IEC 17067
2026-02-26 09:27:43 - [INFO] - [M3] ── Fecha emisión   : [no encontrada]
2026-02-26 09:27:43 - [INFO] - [M3] ── Fecha venc.     : [no encontrada]
2026-02-26 09:27:43 - [INFO] - [M3] ── Reglamento      : Res. SIyC Nº 16/2025 – Ap. II (Aparatos Eléctricos Domésticos)
2026-02-26 09:27:43 - [INFO] - [M3] Extrayendo datos del producto...
2026-02-26 09:27:43 - [INFO] - [M3] ── Marca           : GADNIC.
2026-02-26 09:27:43 - [INFO] - [M3] ── Fabricante      : Ningbo Vasion Electric Appliance Co., Ltd. // No.3, Sitang J
2026-02-26 09:27:43 - [INFO] - [M3] ── Producto desc   : Yogurtera Eléctrica.
2026-02-26 09:27:43 - [INFO] - [M3] ── Modelos         : 1) YG20; 2) YG20A; 3) YO8021; 4) CR501L; 5) YE1500; 6) YMK20U; 7) YUG21E; 8) FYO
2026-02-26 09:27:43 - [INFO] - [M3] ── Specs           : 220-240Vca; 50/60Hz; 20W; Clase II.
2026-02-26 09:27:43 - [INFO] - [M3] ── Fecha emisión   : 16/10/2025
2026-02-26 09:27:43 - [INFO] - [M3] ── Fecha venc.     : 16/10/2027
2026-02-26 09:27:43 - [INFO] - [M3] Armando datos finales DJC...
2026-02-26 09:27:43 - [INFO] - [M3] ✓ Datos listos — abriendo formulario DJC
2026-02-26 09:27:43 - [INFO] - === ABRIENDO VISTA DJC ===
2026-02-26 09:27:43 - [INFO] - Vista DJC renderizada correctamente
2026-02-26 09:29:40 - [INFO] - === GENERANDO DJC ===
2026-02-26 09:29:41 - [INFO] - [M3] DJC Word guardada en: C:\Users\FDean\Documents\DJC generadas\C64\DJC-SE-202602-C64-INT-V1-EXT-CABA.docx
2026-02-26 09:29:51 - [INFO] - DJC generada: C:\Users\FDean\Documents\DJC generadas\C64\DJC-SE-202602-C64-INT-V1-EXT-CABA_completo.pdf
2026-02-26 09:29:51 - [INFO] - [M3] ✓ Extensión Caba Innovaciones S.R.L. completada
2026-02-26 09:29:51 - [INFO] - [M3] === 1 extensiones generadas ===
2026-02-26 09:29:51 - [INFO] -   → DJC-SE-202602-C64-INT-V1-EXT-CABA_completo.pdf
