2026-04-05 23:17:10 - [INFO] - Cambiando a tab:  verificador
2026-04-05 23:17:10 - [INFO] - Argos iniciado correctamente
2026-04-05 23:17:11 - [INFO] - Cambiando a tab:  generador
2026-04-05 23:17:26 - [INFO] - Certificado cargado: Q-AR-05917-T-0 - BIDCOM - LAVAVAJILLAS ELÉCTRICO.pdf
2026-04-05 23:17:28 - [INFO] - === GENERANDO DJC DIRECTO ===
2026-04-05 23:17:28 - [INFO] - [M3] Modo: comun
2026-04-05 23:17:28 - [INFO] - [M3] Archivo: Q-AR-05917-T-0 - BIDCOM - LAVAVAJILLAS ELÉCTRICO.pdf
2026-04-05 23:17:28 - [INFO] - [M3] Inicializando DJCGenerator...
2026-04-05 23:17:28 - [INFO] - [M3] Extrayendo texto del PDF...
2026-04-05 23:17:28 - [INFO] - [M3] ── Nro. Certificado : Q-AR-05917-T-0
2026-04-05 23:17:28 - [INFO] - [M3] ── OEC detectado   : Quektra
2026-04-05 23:17:28 - [INFO] - [M3] ── Normas          : IEC 60335-2-5:2012 + A1:2018 Ed. 6.1
2026-04-05 23:17:28 - [INFO] - [M3] ── Fecha emisión   : [no encontrada]
2026-04-05 23:17:28 - [INFO] - [M3] ── Fecha venc.     : [no encontrada]
2026-04-05 23:17:28 - [INFO] - [M3] ── Reglamento      : Res. SIyC Nº 16/2025 – Ap. II (Aparatos Eléctricos Domésticos)
2026-04-05 23:17:28 - [INFO] - [M3] Extrayendo datos del producto...
2026-04-05 23:17:28 - [INFO] - [M3] ── Marca           : GADNIC
2026-04-05 23:17:28 - [INFO] - [M3] ── Fabricante      : SHAANXI KONKA SMART HOME APPLIANCE CO., LTD.
2026-04-05 23:17:28 - [INFO] - [M3] ── Producto desc   : Lavavajillas eléctrico
2026-04-05 23:17:28 - [INFO] - [M3] ── Modelos         : GADW14
2026-04-05 23:17:28 - [INFO] - [M3] ── Specs           : 220-240 V~; 50 Hz; 1900 W; Clase I; IPX1
2026-04-05 23:17:28 - [INFO] - [M3] ── Fecha emisión   : 01/04/2026
2026-04-05 23:17:28 - [INFO] - [M3] ── Fecha venc.     : 31/03/2028
2026-04-05 23:17:28 - [INFO] - [M3] Armando datos finales DJC...
2026-04-05 23:17:28 - [INFO] - [M3] Bidcom manual: 'C888' → ID: DJC-SE-0426-C888-QKA-V1
2026-04-05 23:17:28 - [INFO] - [M3] ✓ Datos listos — abriendo formulario DJC
2026-04-05 23:17:28 - [INFO] - === ABRIENDO VISTA DJC ===
2026-04-05 23:17:28 - [INFO] - Vista DJC renderizada correctamente
2026-04-05 23:17:42 - [INFO] - === GENERANDO DJC ===
2026-04-05 23:17:42 - [ERROR] - Error generando DJC: 'No time zone found with key America/Argentina/Buenos_Aires'
2026-04-05 23:17:42 - [ERROR] - Traceback (most recent call last):
  File "C:\Python314\Lib\zoneinfo\_common.py", line 12, in load_tzdata
    path = resources.files(package_name).joinpath(resource_name)
           ~~~~~~~~~~~~~~~^^^^^^^^^^^^^^
  File "C:\Python314\Lib\importlib\resources\_common.py", line 46, in wrapper
    return func(anchor)
  File "C:\Python314\Lib\importlib\resources\_common.py", line 56, in files
    return from_package(resolve(anchor))
                        ~~~~~~~^^^^^^^^
  File "C:\Python314\Lib\functools.py", line 982, in wrapper
    return dispatch(args[0].__class__)(*args, **kw)
           ~~~~~~~~~~~~~~~~~~~~~~~~~~~^^^^^^^^^^^^^
  File "C:\Python314\Lib\importlib\resources\_common.py", line 82, in _
    return importlib.import_module(cand)
           ~~~~~~~~~~~~~~~~~~~~~~~^^^^^^
  File "C:\Python314\Lib\importlib\__init__.py", line 88, in import_module
    return _bootstrap._gcd_import(name[level:], package, level)
           ~~~~~~~~~~~~~~~~~~~~~~^^^^^^^^^^^^^^^^^^^^^^^^^^^^^^
  File "<frozen importlib._bootstrap>", line 1398, in _gcd_import
  File "<frozen importlib._bootstrap>", line 1371, in _find_and_load
  File "<frozen importlib._bootstrap>", line 1314, in _find_and_load_unlocked
  File "<frozen importlib._bootstrap>", line 491, in _call_with_frames_removed
  File "<frozen importlib._bootstrap>", line 1398, in _gcd_import
  File "<frozen importlib._bootstrap>", line 1371, in _find_and_load
  File "<frozen importlib._bootstrap>", line 1314, in _find_and_load_unlocked
  File "<frozen importlib._bootstrap>", line 491, in _call_with_frames_removed
  File "<frozen importlib._bootstrap>", line 1398, in _gcd_import
  File "<frozen importlib._bootstrap>", line 1371, in _find_and_load
  File "<frozen importlib._bootstrap>", line 1314, in _find_and_load_unlocked
  File "<frozen importlib._bootstrap>", line 491, in _call_with_frames_removed
  File "<frozen importlib._bootstrap>", line 1398, in _gcd_import
  File "<frozen importlib._bootstrap>", line 1371, in _find_and_load
  File "<frozen importlib._bootstrap>", line 1335, in _find_and_load_unlocked
ModuleNotFoundError: No module named 'tzdata'

During handling of the above exception, another exception occurred:

Traceback (most recent call last):
  File "C:\Users\FDean\Antigravity\Argos Proyect\app_legacy\argos_main.py", line 1476, in _execute_djc_generation
    result_n = self._generate_single_djc(dict(data), colors)
  File "C:\Users\FDean\Antigravity\Argos Proyect\app_legacy\argos_main.py", line 1549, in _generate_single_djc
    doc = self.djc_gen.fill_template(data)
  File "C:\Users\FDean\Antigravity\Argos Proyect\modules\m3_djc_generator.py", line 474, in fill_template
    tz = zoneinfo.ZoneInfo("America/Argentina/Buenos_Aires")
  File "C:\Python314\Lib\zoneinfo\_common.py", line 29, in load_tzdata
    raise ZoneInfoNotFoundError(f"No time zone found with key {key}")
zoneinfo._common.ZoneInfoNotFoundError: 'No time zone found with key America/Argentina/Buenos_Aires'

