2026-02-11 22:31:49 - [INFO] - Argos iniciado correctamente
2026-02-11 22:32:00 - [INFO] - Datasheet cargado: C:/Users/FDean/Antigravity/Argos Proyect/Caso 6 datasheet.xlsx
2026-02-11 22:32:01 - [INFO] - Parseando datasheet...
2026-02-11 22:32:01 - [INFO] - Datasheet parseado: SEGURIDAD_ELECTRICA - GADNIC - 18 modelo(s)
2026-02-11 22:32:02 - [INFO] - 1 certificado(s) agregado(s)
2026-02-11 22:32:03 - [INFO] - === INICIANDO AUDITORÍA ===
2026-02-11 22:32:03 - [INFO] - Datasheet: C:/Users/FDean/Antigravity/Argos Proyect/Caso 6 datasheet.xlsx
2026-02-11 22:32:03 - [INFO] - Certificados: 1
2026-02-11 22:32:04 - [INFO] - Mapeado: SEGURIDAD_ELECTRICA -> CASO 6 certificado.pdf
2026-02-11 22:32:04 - [INFO] - Ejecutando auditoría con estrategias adaptativas...
2026-02-11 22:32:04 - [INFO] - 
2026-02-11 22:32:04 - [INFO] - ╔══════════════════════════════════════════╗
2026-02-11 22:32:04 - [INFO] - ║  INICIANDO AUDITORÍA MULTICERTIFICADO   ║
2026-02-11 22:32:04 - [INFO] - ╚══════════════════════════════════════════╝
2026-02-11 22:32:04 - [INFO] - 
2026-02-11 22:32:04 - [INFO] - Certificados requeridos: 1
2026-02-11 22:32:04 - [INFO] -   1. SEGURIDAD_ELECTRICA
2026-02-11 22:32:04 - [INFO] - 
2026-02-11 22:32:04 - [INFO] - ────────────────────────────────────────────────────────────
2026-02-11 22:32:04 - [INFO] - PROCESANDO: SEGURIDAD_ELECTRICA
2026-02-11 22:32:04 - [INFO] - ────────────────────────────────────────────────────────────
2026-02-11 22:32:04 - [INFO] - 📄 PDF: CASO 6 certificado.pdf
2026-02-11 22:32:04 - [DEBUG] -   Path completo: C:/Users/FDean/Antigravity/Argos Proyect/CASO 6 certificado.pdf
2026-02-11 22:32:04 - [DEBUG] - Extrayendo texto del PDF...
2026-02-11 22:32:04 - [INFO] - ✓ Texto extraído: 2816 caracteres
2026-02-11 22:32:04 - [DEBUG] -   Primeros 200 caracteres: Producto
Máscara Facial LED.
Product 
BIDCOM S.R.L.
Av. Bouchard 468 5º I, C.A.B.A., Argentina.
Fábrica / Dirección
GADNIC.
Trade mark
Model or type
MMN-02-23-8732.
LENOR S.R.L.
06/12/2023.
Remarks
Fi...
2026-02-11 22:32:04 - [DEBUG] - Tipo de producto: SEGURIDAD_ELECTRICA
2026-02-11 22:32:04 - [DEBUG] - 
=== DETECCIÓN DE ESTRATEGIA DE VALIDACIÓN ===
2026-02-11 22:32:04 - [DEBUG] - Tipo de producto: SEGURIDAD_ELECTRICA
2026-02-11 22:32:04 - [DEBUG] - Analizando contenido del certificado...
2026-02-11 22:32:04 - [INFO] - ✓ Estrategia detectada: ESTÁNDAR
2026-02-11 22:32:04 - [DEBUG] - No se detectaron keywords especiales - Usando validación estándar
2026-02-11 22:32:04 - [INFO] - 
2026-02-11 22:32:04 - [INFO] - === Validación con Estrategia Estándar ===
2026-02-11 22:32:04 - [DEBUG] - 
>> Validando campo: MARCA (Hard Match)
2026-02-11 22:32:04 - [DEBUG] -    Esperado: "GADNIC"
2026-02-11 22:32:04 - [DEBUG] -    Buscando en PDF...
2026-02-11 22:32:04 - [DEBUG] -    Valores a buscar: ['GADNIC']
2026-02-11 22:32:04 - [INFO] -    ✓ Marca: Match encontrado - "GADNIC"
2026-02-11 22:32:04 - [DEBUG] - 
>> Validando MODELOS (Lista completa)
2026-02-11 22:32:04 - [DEBUG] -    Modelos esperados: ['LM1010', 'LDM1010', 'LEDSK10A', 'LDHN502', 'LMF654P', 'LFZP92', 'MJC572', 'GRSR75', 'LDM110', 'DL406', 'FRM815', 'LD294F', 'PHT137', 'VF61RJ', 'ETYQ5', 'WVF061R', 'SHM329', 'DZT482']
2026-02-11 22:32:04 - [DEBUG] -    Buscando modelo: "LM1010"
2026-02-11 22:32:04 - [DEBUG] -       → ✓ Encontrado
2026-02-11 22:32:04 - [DEBUG] -    Buscando modelo: "LDM1010"
2026-02-11 22:32:04 - [DEBUG] -       → ✓ Encontrado
2026-02-11 22:32:04 - [DEBUG] -    Buscando modelo: "LEDSK10A"
2026-02-11 22:32:04 - [DEBUG] -       → ✓ Encontrado
2026-02-11 22:32:04 - [DEBUG] -    Buscando modelo: "LDHN502"
2026-02-11 22:32:04 - [DEBUG] -       → ✓ Encontrado
2026-02-11 22:32:04 - [DEBUG] -    Buscando modelo: "LMF654P"
2026-02-11 22:32:04 - [DEBUG] -       → ✓ Encontrado
2026-02-11 22:32:04 - [DEBUG] -    Buscando modelo: "LFZP92"
2026-02-11 22:32:04 - [DEBUG] -       → ✓ Encontrado
2026-02-11 22:32:04 - [DEBUG] -    Buscando modelo: "MJC572"
2026-02-11 22:32:04 - [DEBUG] -       → ✓ Encontrado
2026-02-11 22:32:04 - [DEBUG] -    Buscando modelo: "GRSR75"
2026-02-11 22:32:04 - [DEBUG] -       → ✓ Encontrado
2026-02-11 22:32:04 - [DEBUG] -    Buscando modelo: "LDM110"
2026-02-11 22:32:04 - [DEBUG] -       → ✓ Encontrado
2026-02-11 22:32:04 - [DEBUG] -    Buscando modelo: "DL406"
2026-02-11 22:32:04 - [DEBUG] -       → ✓ Encontrado
2026-02-11 22:32:04 - [DEBUG] -    Buscando modelo: "FRM815"
2026-02-11 22:32:04 - [DEBUG] -       → ✓ Encontrado
2026-02-11 22:32:04 - [DEBUG] -    Buscando modelo: "LD294F"
2026-02-11 22:32:04 - [DEBUG] -       → ✓ Encontrado
2026-02-11 22:32:04 - [DEBUG] -    Buscando modelo: "PHT137"
2026-02-11 22:32:04 - [DEBUG] -       → ✓ Encontrado
2026-02-11 22:32:04 - [DEBUG] -    Buscando modelo: "VF61RJ"
2026-02-11 22:32:04 - [DEBUG] -       → ✓ Encontrado
2026-02-11 22:32:04 - [DEBUG] -    Buscando modelo: "ETYQ5"
2026-02-11 22:32:04 - [DEBUG] -       → ✓ Encontrado
2026-02-11 22:32:04 - [DEBUG] -    Buscando modelo: "WVF061R"
2026-02-11 22:32:04 - [DEBUG] -       → ✓ Encontrado
2026-02-11 22:32:04 - [DEBUG] -    Buscando modelo: "SHM329"
2026-02-11 22:32:04 - [DEBUG] -       → ✓ Encontrado
2026-02-11 22:32:04 - [DEBUG] -    Buscando modelo: "DZT482"
2026-02-11 22:32:04 - [DEBUG] -       → ✓ Encontrado
2026-02-11 22:32:04 - [INFO] -    ✓ MODELOS: Todos encontrados (18 modelos)
2026-02-11 22:32:04 - [DEBUG] - 
>> Validando campo: FÁBRICA (Fuzzy Match, threshold=85%)
2026-02-11 22:32:04 - [DEBUG] -    Esperado: ['Guangzhou Konmison Electronic Technology Co., Ltd.']
2026-02-11 22:32:04 - [DEBUG] -    Buscando coincidencias fuzzy...
2026-02-11 22:32:04 - [DEBUG] -    - "Guangzhou Konmison Electronic Technology Co., Ltd.": 100% similitud
2026-02-11 22:32:04 - [INFO] -    ✓ Fábrica: Match aceptable (100% >= 85%)
2026-02-11 22:32:04 - [DEBUG] - 
>> Validando campo: DIRECCIÓN FÁBRICA (Fuzzy Match, threshold=85%)
2026-02-11 22:32:04 - [DEBUG] -    Esperado: ['6th Floor, Building C, No. 1, Taohong West Street, Shima Village, Junhe Street, Baiyun District, Guangzhou City, Guangdong Province, China.']
2026-02-11 22:32:04 - [DEBUG] -    Buscando coincidencias fuzzy...
2026-02-11 22:32:04 - [DEBUG] -    - "6th Floor, Building C, No. 1, Taohong West Street, Shima Village, Junhe Street, Baiyun District, Guangzhou City, Guangdong Province, China.": 94% similitud
2026-02-11 22:32:04 - [INFO] -    ✓ Dirección Fábrica: Match aceptable (94% >= 85%)
2026-02-11 22:32:04 - [DEBUG] - 
>> Validando campo: SPECS TÉCNICAS
2026-02-11 22:32:04 - [DEBUG] -    Specs individuales a buscar: 1
2026-02-11 22:32:04 - [WARNING] -    ⚠️ Specs Técnicas: Encontradas 0/1
2026-02-11 22:32:04 - [INFO] -    [DETALLE] Items NO encontrados:
2026-02-11 22:32:04 - [WARNING] -      [FALTA] ESPECIFICACIONES:: 17,9Vcc; 0,35A; 6,2W; Clase III
2026-02-11 22:32:04 - [INFO] -    Specs tradicionales fallaron. Intentando validación con IA...
2026-02-11 22:32:10 - [INFO] -    ✓ IA validó specs (confianza: 98%)
2026-02-11 22:32:10 - [INFO] -      Razón: Todas las especificaciones técnicas esperadas (voltaje, corriente, potencia y clase) se encontraron en el campo 'Características técnicas' del certificado, con pequeñas variaciones de formato permitidas.
2026-02-11 22:32:10 - [ERROR] -    Error en validación IA: 'Specs Técnicas'
2026-02-11 22:32:10 - [INFO] - 
2026-02-11 22:32:10 - [WARNING] - Estado: WARNING (1 advertencias)
2026-02-11 22:32:10 - [INFO] - 
2026-02-11 22:32:10 - [INFO] - ════════════════════════════════════════════════════════════
2026-02-11 22:32:10 - [INFO] - AUDITORÍA COMPLETADA - Estado global: WARNING
2026-02-11 22:32:10 - [INFO] - ════════════════════════════════════════════════════════════
2026-02-11 22:32:10 - [INFO] - 
2026-02-11 22:32:10 - [INFO] - Auditoría completada. Estado: WARNING
2026-02-11 22:32:10 - [INFO] - Mostrando pantalla de resultados...
2026-02-11 22:32:10 - [INFO] - Main frame oculto correctamente
2026-02-11 22:32:10 - [INFO] - Estado global auditoría: WARNING
2026-02-11 22:32:11 - [INFO] - Scroll frame creado
2026-02-11 22:32:11 - [INFO] - Procesando 1 certificados en UI
2026-02-11 22:32:11 - [INFO] - Creando tarjeta para: CERT_SEGURIDAD_ELECTRICA
2026-02-11 22:32:11 - [INFO] - Pantalla de resultados renderizada completamente
