2026-02-19 16:56:20 - [INFO] - Cambiando a tab:  verificador
2026-02-19 16:56:20 - [INFO] - Argos iniciado correctamente
2026-02-19 16:56:24 - [INFO] - Cambiando a tab:  generador
2026-02-19 16:56:37 - [INFO] - Certificado cargado: caso 7 Quektra.pdf
2026-02-19 16:56:40 - [INFO] - === GENERANDO DJC DIRECTO ===
2026-02-19 16:56:42 - [INFO] - === ABRIENDO VISTA DJC ===
2026-02-19 16:56:42 - [INFO] - Vista DJC renderizada correctamente
2026-02-19 16:57:41 - [INFO] - Vigencia recalculada: Res. SIyC Nº 16/2025 – Ap. IV (Electrónica, Audio, Video) → 20/04/2029
2026-02-19 16:57:46 - [INFO] - Vigencia recalculada: Res. SIyC Nº 16/2025 – Ap. I (Fuentes y Cargadores) → 21/04/2027
2026-02-19 17:01:49 - [INFO] - === GENERANDO DJC ===
2026-02-19 17:02:10 - [INFO] - DJC generada: C:\Users\FDean\Antigravity\Argos Proyect\DJC_Q-AR-02839.docx
2026-02-19 17:07:00 - [INFO] - Cambiando a tab:  generador
2026-02-19 17:07:01 - [INFO] - Cambiando a tab:  verificador
2026-02-19 17:07:02 - [INFO] - Cambiando a tab:  solicitud
2026-02-19 17:07:03 - [INFO] - Cambiando a tab:  verificador
2026-02-19 17:07:04 - [INFO] - Cambiando a tab:  generador
2026-02-19 17:07:04 - [INFO] - Cambiando a tab:  verificador
2026-02-19 17:07:05 - [INFO] - Cambiando a tab:  solicitud
2026-02-19 17:07:05 - [INFO] - Cambiando a tab:  verificador
2026-02-19 17:07:06 - [INFO] - Cambiando a tab:  generador
2026-02-19 17:07:08 - [INFO] - Cambiando a tab:  verificador
