2026-02-10 21:10:53 - [INFO] - Argos iniciado correctamente
2026-02-10 21:10:59 - [INFO] - Datasheet cargado: C:/Users/FDean/Downloads/BANERA7B datasheeet.xlsx
2026-02-10 21:10:59 - [INFO] - Parseando datasheet...
2026-02-10 21:10:59 - [INFO] - Datasheet parseado: SEGURIDAD_ELECTRICA - SOUTHPORT - 5 modelo(s)
2026-02-10 21:11:01 - [INFO] - 1 certificado(s) agregado(s)
2026-02-10 21:11:02 - [INFO] - === INICIANDO AUDITORÍA ===
2026-02-10 21:11:02 - [INFO] - Datasheet: C:/Users/FDean/Downloads/BANERA7B datasheeet.xlsx
2026-02-10 21:11:02 - [INFO] - Certificados: 1
2026-02-10 21:11:03 - [INFO] - Mapeado: SEGURIDAD_ELECTRICA -> DJC12643SE - BIDCOM - TCSE-IACSA-0146-378.1 (1).pdf
2026-02-10 21:11:03 - [INFO] - Ejecutando auditoría con estrategias adaptativas...
2026-02-10 21:11:03 - [INFO] - 
2026-02-10 21:11:03 - [INFO] - ╔══════════════════════════════════════════╗
2026-02-10 21:11:03 - [INFO] - ║  INICIANDO AUDITORÍA MULTICERTIFICADO   ║
2026-02-10 21:11:03 - [INFO] - ╚══════════════════════════════════════════╝
2026-02-10 21:11:03 - [INFO] - 
2026-02-10 21:11:03 - [INFO] - Certificados requeridos: 1
2026-02-10 21:11:03 - [INFO] -   1. SEGURIDAD_ELECTRICA
2026-02-10 21:11:03 - [INFO] - 
2026-02-10 21:11:03 - [INFO] - ────────────────────────────────────────────────────────────
2026-02-10 21:11:03 - [INFO] - PROCESANDO: SEGURIDAD_ELECTRICA
2026-02-10 21:11:03 - [INFO] - ────────────────────────────────────────────────────────────
2026-02-10 21:11:03 - [INFO] - 📄 PDF: DJC12643SE - BIDCOM - TCSE-IACSA-0146-378.1 (1).pdf
2026-02-10 21:11:03 - [DEBUG] -   Path completo: C:/Users/FDean/Downloads/DJC12643SE - BIDCOM - TCSE-IACSA-0146-378.1 (1).pdf
2026-02-10 21:11:03 - [DEBUG] - Extrayendo texto del PDF...
2026-02-10 21:11:03 - [INFO] - ✓ Texto extraído: 2318 caracteres
2026-02-10 21:11:03 - [DEBUG] -   Primeros 200 caracteres: Producto
Product 
Trade mark
Model or type 
Remarks
Firma
Signature
Intertek Argentina Certificaciones S.A.
Cerrito 1136, 4° Piso CF
(C1010AAX) - Buenos Aires - Argentina
Oficina: +54 (11) 5217-9487
S...
2026-02-10 21:11:03 - [DEBUG] - Tipo de producto: SEGURIDAD_ELECTRICA
2026-02-10 21:11:03 - [DEBUG] - 
=== DETECCIÓN DE ESTRATEGIA DE VALIDACIÓN ===
2026-02-10 21:11:03 - [DEBUG] - Tipo de producto: SEGURIDAD_ELECTRICA
2026-02-10 21:11:03 - [DEBUG] - Analizando contenido del certificado...
2026-02-10 21:11:03 - [INFO] - ✓ Estrategia detectada: ESTÁNDAR
2026-02-10 21:11:03 - [DEBUG] - No se detectaron keywords especiales - Usando validación estándar
2026-02-10 21:11:03 - [INFO] - 
2026-02-10 21:11:03 - [INFO] - === Validación con Estrategia Estándar ===
2026-02-10 21:11:03 - [DEBUG] - 
>> Validando campo: MARCA (Hard Match)
2026-02-10 21:11:03 - [DEBUG] -    Esperado: "SOUTHPORT"
2026-02-10 21:11:03 - [DEBUG] -    Buscando en PDF...
2026-02-10 21:11:03 - [DEBUG] -    Valores a buscar: ['SOUTHPORT']
2026-02-10 21:11:03 - [INFO] -    ✓ Marca: Match encontrado - "SOUTHPORT"
2026-02-10 21:11:03 - [DEBUG] - 
>> Validando MODELOS (Lista completa)
2026-02-10 21:11:03 - [DEBUG] -    Modelos esperados: ['LG-CY500', 'LG-CY002', 'LG-CY003', 'LG-CY004', 'LG-CY005']
2026-02-10 21:11:03 - [DEBUG] -    Buscando modelo: "LG-CY500"
2026-02-10 21:11:03 - [DEBUG] -       → ✓ Encontrado
2026-02-10 21:11:03 - [DEBUG] -    Buscando modelo: "LG-CY002"
2026-02-10 21:11:03 - [DEBUG] -       → ✓ Encontrado
2026-02-10 21:11:03 - [DEBUG] -    Buscando modelo: "LG-CY003"
2026-02-10 21:11:03 - [DEBUG] -       → ✓ Encontrado
2026-02-10 21:11:03 - [DEBUG] -    Buscando modelo: "LG-CY004"
2026-02-10 21:11:03 - [DEBUG] -       → ✓ Encontrado
2026-02-10 21:11:03 - [DEBUG] -    Buscando modelo: "LG-CY005"
2026-02-10 21:11:03 - [DEBUG] -       → ✓ Encontrado
2026-02-10 21:11:03 - [INFO] -    ✓ MODELOS: Todos encontrados (5 modelos)
2026-02-10 21:11:03 - [DEBUG] - 
>> Validando campo: FÁBRICA (Fuzzy Match, threshold=85%)
2026-02-10 21:11:03 - [DEBUG] -    Esperado: ['Shenzhen Xinniu Technology Co., Ltd.']
2026-02-10 21:11:03 - [DEBUG] -    Buscando coincidencias fuzzy...
2026-02-10 21:11:03 - [DEBUG] -    - "Shenzhen Xinniu Technology Co., Ltd.": 100% similitud
2026-02-10 21:11:03 - [INFO] -    ✓ Fábrica: Match aceptable (100% >= 85%)
2026-02-10 21:11:03 - [DEBUG] - 
>> Validando campo: DIRECCIÓN FÁBRICA (Fuzzy Match, threshold=85%)
2026-02-10 21:11:03 - [DEBUG] -    Esperado: ["No. 304, No. 6 Industrial Avenue, Tangwei Community, Fuhai Street, Bao'an District, Shenzhen"]
2026-02-10 21:11:03 - [DEBUG] -    Buscando coincidencias fuzzy...
2026-02-10 21:11:03 - [DEBUG] -    - "No. 304, No. 6 Industrial Avenue, Tangwei Community, Fuhai Street, Bao'an District, Shenzhen": 100% similitud
2026-02-10 21:11:03 - [INFO] -    ✓ Dirección Fábrica: Match aceptable (100% >= 85%)
2026-02-10 21:11:03 - [DEBUG] - 
>> Validando campo: SPECS TÉCNICAS
2026-02-10 21:11:03 - [DEBUG] -    Specs individuales a buscar: 7
2026-02-10 21:11:03 - [WARNING] -    ⚠️ Specs Técnicas: Encontradas 6/7
2026-02-10 21:11:03 - [INFO] - 
2026-02-10 21:11:03 - [WARNING] - Estado: WARNING (1 advertencias)
2026-02-10 21:11:03 - [INFO] - 
2026-02-10 21:11:03 - [INFO] - ════════════════════════════════════════════════════════════
2026-02-10 21:11:03 - [INFO] - AUDITORÍA COMPLETADA - Estado global: WARNING
2026-02-10 21:11:03 - [INFO] - ════════════════════════════════════════════════════════════
2026-02-10 21:11:03 - [INFO] - 
2026-02-10 21:11:03 - [INFO] - Auditoría completada. Estado: WARNING
2026-02-10 21:11:03 - [INFO] - Mostrando pantalla de resultados...
2026-02-10 21:11:03 - [INFO] - Main frame oculto correctamente
2026-02-10 21:11:03 - [INFO] - Estado global auditoría: WARNING
2026-02-10 21:11:03 - [INFO] - Scroll frame creado
2026-02-10 21:11:03 - [INFO] - Procesando 1 certificados en UI
2026-02-10 21:11:03 - [INFO] - Creando tarjeta para: CERT_SEGURIDAD_ELECTRICA
2026-02-10 21:11:03 - [INFO] - Pantalla de resultados renderizada completamente
2026-02-10 21:11:37 - [INFO] - 🔄 Cambio manual: Specs Técnicas -> OK
2026-02-10 21:11:37 - [INFO] - ⚡ Recalculando estado global...
2026-02-10 21:11:40 - [INFO] - 🔄 Cambio manual: Specs Técnicas -> WARNING
2026-02-10 21:11:40 - [INFO] - 🔄 Cambio manual: Specs Técnicas -> FAIL
2026-02-10 21:11:40 - [INFO] - ⚡ Recalculando estado global...
2026-02-10 21:11:41 - [INFO] - 🔄 Cambio manual: Specs Técnicas -> OK
2026-02-10 21:11:41 - [INFO] - ⚡ Recalculando estado global...
2026-02-10 21:11:44 - [INFO] - 🔄 Cambio manual: Specs Técnicas -> FAIL
2026-02-10 21:11:44 - [INFO] - ⚡ Recalculando estado global...
2026-02-10 21:11:44 - [INFO] - 🔄 Cambio manual: Specs Técnicas -> OK
2026-02-10 21:11:44 - [INFO] - ⚡ Recalculando estado global...
