2026-02-26 11:39:12 - [INFO] - Cambiando a tab:  verificador
2026-02-26 11:39:12 - [INFO] - Argos iniciado correctamente
2026-02-26 11:39:14 - [INFO] - Cambiando a tab:  generador
2026-02-26 11:39:40 - [INFO] - Nota de extensión cargada: Nota de ExtensiÃ³n Bidcom SRL 02-26 (1).pdf
2026-02-26 11:39:45 - [INFO] - Certificado cargado: DJC12992SE_COD - BIDCOM - TCSE-IACSA-0146-413.1 (1).pdf
2026-02-26 11:39:47 - [INFO] - === GENERANDO DJC DIRECTO ===
2026-02-26 11:39:47 - [INFO] - [M3] Modo: extension
2026-02-26 11:39:47 - [INFO] - [M3] Archivo: DJC12992SE_COD - BIDCOM - TCSE-IACSA-0146-413.1 (1).pdf
2026-02-26 11:39:47 - [INFO] - [M3] Extensiones seleccionadas: Caba Innovaciones S.R.L.
2026-02-26 11:39:47 - [INFO] - [M3] Inicializando DJCGenerator...
2026-02-26 11:39:47 - [INFO] - [M3] Extrayendo texto del PDF...
2026-02-26 11:39:47 - [INFO] - [M3] ── Nro. Certificado : IACSA-0146/413
2026-02-26 11:39:47 - [INFO] - [M3] ── OEC detectado   : Intertek
2026-02-26 11:39:47 - [INFO] - [M3] ── Normas          : IEC 60335-1:, IEC 60335-2-15:, IEC 17067
2026-02-26 11:39:47 - [INFO] - [M3] ── Fecha emisión   : [no encontrada]
2026-02-26 11:39:47 - [INFO] - [M3] ── Fecha venc.     : [no encontrada]
2026-02-26 11:39:47 - [INFO] - [M3] ── Reglamento      : Res. SIyC Nº 16/2025 – Ap. II (Aparatos Eléctricos Domésticos)
2026-02-26 11:39:47 - [INFO] - [M3] Extrayendo datos del producto...
2026-02-26 11:39:47 - [INFO] - [M3] ── Marca           : GADNIC.
2026-02-26 11:39:47 - [INFO] - [M3] ── Fabricante      : TCSE-IACSA-0146/413.1 - F14.
2026-02-26 11:39:47 - [INFO] - [M3] ── Producto desc   : Yogurtera Eléctrica.
2026-02-26 11:39:47 - [INFO] - [M3] ── Modelos         : 1) YG20; 2) YG20A; 3) YO8021; 4) CR501L; 5) YE1500; 6) YMK20U; 7) YUG21E; 8) FYO
2026-02-26 11:39:47 - [INFO] - [M3] ── Specs           : 220-240Vca; 50/60Hz; 20W; Clase II.
2026-02-26 11:39:47 - [INFO] - [M3] ── Fecha emisión   : 16/10/2025
2026-02-26 11:39:47 - [INFO] - [M3] ── Fecha venc.     : 16/10/2027
2026-02-26 11:39:47 - [INFO] - [M3] Armando datos finales DJC...
2026-02-26 11:39:47 - [INFO] - [M3] Bidcom manual: 'C64' → ID: DJC-SE-0226-C64-ITK-V1
2026-02-26 11:39:47 - [INFO] - [M3] ✓ Datos listos — abriendo formulario DJC
2026-02-26 11:39:47 - [INFO] - === ABRIENDO VISTA DJC ===
2026-02-26 11:39:47 - [INFO] - Vista DJC renderizada correctamente
2026-02-26 11:40:06 - [INFO] - === GENERANDO DJC ===
2026-02-26 11:40:06 - [INFO] - [M3] DJC Word guardada en: C:\Users\FDean\Documents\DJC generadas\C64\Extensiones\Caba Innovaciones S.R.L.\DJC-SE-0226-C64-ITK-CABA-V1_djc.docx
2026-02-26 11:40:15 - [INFO] - [M3] ✓ PDF final: C:\Users\FDean\Documents\DJC generadas\C64\Extensiones\Caba Innovaciones S.R.L.\DJC-SE-0226-C64-ITK-CABA-V1.pdf
2026-02-26 11:40:15 - [INFO] - [M3] ✓ Extensión Caba Innovaciones S.R.L. completada
2026-02-26 11:40:15 - [INFO] - [M3] === 1 extensiones generadas ===
2026-02-26 11:40:15 - [INFO] -   → DJC-SE-0226-C64-ITK-CABA-V1.pdf
2026-02-26 11:47:46 - [INFO] - === GENERANDO DJC ===
2026-02-26 11:47:46 - [INFO] - [M3] DJC Word guardada en: C:\Users\FDean\Documents\DJC generadas\C64\Extensiones\Caba Innovaciones S.R.L.\DJC-SE-0226-C64-ITK-CABA-V1_djc_2.docx
2026-02-26 11:47:54 - [INFO] - [M3] ✓ PDF final: C:\Users\FDean\Documents\DJC generadas\C64\Extensiones\Caba Innovaciones S.R.L.\DJC-SE-0226-C64-ITK-CABA-V1_1772117274.pdf
2026-02-26 11:47:54 - [INFO] - [M3] ✓ Extensión Caba Innovaciones S.R.L. completada
2026-02-26 11:47:54 - [INFO] - [M3] === 1 extensiones generadas ===
2026-02-26 11:47:54 - [INFO] -   → DJC-SE-0226-C64-ITK-CABA-V1_1772117274.pdf
2026-02-26 11:51:54 - [INFO] - Cambiando a tab:  generador
2026-02-26 11:52:31 - [INFO] - Certificado cargado: DJC11751SE_Codificado - BIDCOM - TCSE-IACSA-0146371.1.pdf
2026-02-26 11:52:34 - [INFO] - Nota de extensión cargada: Nota de ExtensiÃ³n Bidcom SRL 02-26 (1).pdf
2026-02-26 11:52:53 - [INFO] - === GENERANDO DJC DIRECTO ===
2026-02-26 11:52:53 - [INFO] - [M3] Modo: extension
2026-02-26 11:52:53 - [INFO] - [M3] Archivo: DJC11751SE_Codificado - BIDCOM - TCSE-IACSA-0146371.1.pdf
2026-02-26 11:52:53 - [INFO] - [M3] Extensiones seleccionadas: Caba Innovaciones S.R.L.
2026-02-26 11:52:53 - [INFO] - [M3] Inicializando DJCGenerator...
2026-02-26 11:52:53 - [INFO] - [M3] Extrayendo texto del PDF...
2026-02-26 11:52:53 - [INFO] - [M3] ── Nro. Certificado : IACSA-0146/371
2026-02-26 11:52:53 - [INFO] - [M3] ── OEC detectado   : Intertek
2026-02-26 11:52:53 - [INFO] - [M3] ── Normas          : IEC 60335-1:, IEC 60335-2-29:, IEC 17067
2026-02-26 11:52:53 - [INFO] - [M3] ── Fecha emisión   : [no encontrada]
2026-02-26 11:52:53 - [INFO] - [M3] ── Fecha venc.     : [no encontrada]
2026-02-26 11:52:53 - [INFO] - [M3] ── Reglamento      : Res. SIyC Nº 16/2025 – Ap. I (Fuentes y Cargadores)
2026-02-26 11:52:53 - [INFO] - [M3] Extrayendo datos del producto...
2026-02-26 11:52:53 - [INFO] - [M3] ── Marca           : GADNIC.
2026-02-26 11:52:53 - [INFO] - [M3] ── Fabricante      : TCSE-IACSA-0146/371.1 - F157.
2026-02-26 11:52:53 - [INFO] - [M3] ── Producto desc   : Cargador de Pared para Aspiradora Vertical.
2026-02-26 11:52:53 - [INFO] - [M3] ── Modelos         : 1) CHF11; 2) F11C.
2026-02-26 11:52:53 - [INFO] - [M3] ── Specs           : Entrada: 100-240V~; 50/60Hz; 0,5A Max; Clase II.
2026-02-26 11:52:53 - [INFO] - [M3] ── Fecha emisión   : 25/08/2025
2026-02-26 11:52:53 - [INFO] - [M3] ── Fecha venc.     : 25/08/2027
2026-02-26 11:52:53 - [INFO] - [M3] Armando datos finales DJC...
2026-02-26 11:52:53 - [INFO] - [M3] Bidcom manual: 'C766' → ID: DJC-SE-0226-C766-ITK-V1
2026-02-26 11:52:53 - [INFO] - [M3] ✓ Datos listos — abriendo formulario DJC
2026-02-26 11:52:53 - [INFO] - === ABRIENDO VISTA DJC ===
2026-02-26 11:52:53 - [INFO] - Vista DJC renderizada correctamente
2026-02-26 11:54:00 - [INFO] - === GENERANDO DJC ===
2026-02-26 11:54:00 - [INFO] - [M3] DJC Word guardada en: C:\Users\FDean\Documents\DJC generadas\C766\Extensiones\Caba Innovaciones S.R.L.\DJC-SE-0226-C766-ITK-CABA-V1_djc.docx
2026-02-26 11:54:08 - [INFO] - [M3] ✓ PDF final: C:\Users\FDean\Documents\DJC generadas\C766\Extensiones\Caba Innovaciones S.R.L.\DJC-SE-0226-C766-ITK-CABA-V1.pdf
2026-02-26 11:54:08 - [INFO] - [M3] ✓ Extensión Caba Innovaciones S.R.L. completada
2026-02-26 11:54:08 - [INFO] - [M3] === 1 extensiones generadas ===
2026-02-26 11:54:08 - [INFO] -   → DJC-SE-0226-C766-ITK-CABA-V1.pdf
