2026-02-10 17:54:27 - [INFO] - Argos iniciado correctamente
2026-02-10 17:54:30 - [INFO] - Tema cambiado a: Matrix
2026-02-10 17:54:31 - [INFO] - Tema cambiado a: Claro
2026-02-10 17:54:33 - [INFO] - Tema cambiado a: Oscuro
2026-02-10 17:54:39 - [INFO] - Datasheet cargado: C:/Users/FDean/Antigravity/Argos Proyect/Datasheet caso 4 convenio.xlsx
2026-02-10 17:54:40 - [INFO] - Parseando datasheet...
2026-02-10 17:54:40 - [INFO] - Datasheet parseado: SEGURIDAD_ELECTRICA - DJI - 1 modelo(s)
2026-02-10 17:54:41 - [INFO] - 1 certificado(s) agregado(s)
2026-02-10 17:54:42 - [INFO] - === INICIANDO AUDITORÍA ===
2026-02-10 17:54:42 - [INFO] - Datasheet: C:/Users/FDean/Antigravity/Argos Proyect/Datasheet caso 4 convenio.xlsx
2026-02-10 17:54:42 - [INFO] - Certificados: 1
2026-02-10 17:54:42 - [INFO] - Mapeado: SEGURIDAD_ELECTRICA -> datasheet caso 4 CE.pdf
2026-02-10 17:54:42 - [INFO] - Ejecutando auditoría con estrategias adaptativas...
2026-02-10 17:54:42 - [INFO] - 
2026-02-10 17:54:42 - [INFO] - ╔══════════════════════════════════════════╗
2026-02-10 17:54:42 - [INFO] - ║  INICIANDO AUDITORÍA MULTICERTIFICADO   ║
2026-02-10 17:54:42 - [INFO] - ╚══════════════════════════════════════════╝
2026-02-10 17:54:42 - [INFO] - 
2026-02-10 17:54:42 - [INFO] - Certificados requeridos: 1
2026-02-10 17:54:42 - [INFO] -   1. SEGURIDAD_ELECTRICA
2026-02-10 17:54:42 - [INFO] - 
2026-02-10 17:54:42 - [INFO] - ────────────────────────────────────────────────────────────
2026-02-10 17:54:42 - [INFO] - PROCESANDO: SEGURIDAD_ELECTRICA
2026-02-10 17:54:42 - [INFO] - ────────────────────────────────────────────────────────────
2026-02-10 17:54:42 - [INFO] - 📄 PDF: datasheet caso 4 CE.pdf
2026-02-10 17:54:42 - [DEBUG] -   Path completo: C:/Users/FDean/Antigravity/Argos Proyect/datasheet caso 4 CE.pdf
2026-02-10 17:54:42 - [DEBUG] - Extrayendo texto del PDF...
2026-02-10 17:54:42 - [INFO] - ✓ Texto extraído: 2898 caracteres
2026-02-10 17:54:42 - [DEBUG] -   Primeros 200 caracteres: 10/061SMD 2024-12 rke-simplified
 Ref. Certif. No. 
JPTUV-180629 
IEC SYSTEM FOR MUTUAL RECOGNITION OF TEST CERTIFICATES FOR ELECTRICAL EQUIPMENT 
(IECEE) CB SCHEME 
CB TEST CERTIFICATE 
Product 
Port...
2026-02-10 17:54:42 - [DEBUG] - Tipo de producto: SEGURIDAD_ELECTRICA
2026-02-10 17:54:42 - [DEBUG] - 
=== DETECCIÓN DE ESTRATEGIA DE VALIDACIÓN ===
2026-02-10 17:54:42 - [DEBUG] - Tipo de producto: SEGURIDAD_ELECTRICA
2026-02-10 17:54:42 - [DEBUG] - Analizando contenido del certificado...
2026-02-10 17:54:42 - [INFO] - ✓ Estrategia detectada: CB SCHEME
2026-02-10 17:54:42 - [DEBUG] - Keywords encontradas: CB Scheme / IECEE
2026-02-10 17:54:42 - [INFO] - 
2026-02-10 17:54:42 - [INFO] - === Validación con CB SCHEME STRATEGY ===
2026-02-10 17:54:42 - [INFO] - Tipo de certificado: SEGURIDAD_ELECTRICA
2026-02-10 17:54:42 - [DEBUG] - CB Scheme: Estructura internacional estandarizada
2026-02-10 17:54:42 - [DEBUG] - Campo MARCA en CB: Aparece como 'Trademark' o 'Brand'
2026-02-10 17:54:42 - [DEBUG] - 
>> Validando campo: MARCA (Hard Match)
2026-02-10 17:54:42 - [DEBUG] -    Esperado: "DJI"
2026-02-10 17:54:42 - [DEBUG] -    Buscando en PDF...
2026-02-10 17:54:42 - [DEBUG] -    Valores a buscar: ['DJI']
2026-02-10 17:54:42 - [INFO] -    ✓ Marca: Match encontrado - "DJI"
2026-02-10 17:54:42 - [DEBUG] - Campo MODELO en CB: Aparece como 'Model' o 'Type Reference'
2026-02-10 17:54:42 - [DEBUG] - 
>> Validando MODELOS (Lista completa)
2026-02-10 17:54:42 - [DEBUG] -    Modelos esperados: ['DYM1000M']
2026-02-10 17:54:42 - [DEBUG] -    Buscando modelo: "DYM1000M"
2026-02-10 17:54:42 - [DEBUG] -       → ✓ Encontrado
2026-02-10 17:54:42 - [INFO] -    ✓ MODELOS: Todos encontrados (1 modelos)
2026-02-10 17:54:42 - [DEBUG] - Campo FÁBRICA: Threshold relajado (70%) por formato variable
2026-02-10 17:54:42 - [DEBUG] - 
>> Validando campo: FÁBRICA (Fuzzy Match, threshold=70%)
2026-02-10 17:54:42 - [DEBUG] -    Esperado: ['Lobby of T2, DJI Sky City, No. 53 Xianyuan Road, Xili Community, Xili Street, Nanshan District, Shenzhen, China.']
2026-02-10 17:54:42 - [DEBUG] -    Buscando coincidencias fuzzy...
2026-02-10 17:54:42 - [DEBUG] -    - "Lobby of T2, DJI Sky City, No. 53 Xianyuan Road, Xili Community, Xili Street, Nanshan District, Shenzhen, China.": 96% similitud
2026-02-10 17:54:42 - [INFO] -    ✓ Fábrica: Match aceptable (96% >= 70%)
2026-02-10 17:54:42 - [DEBUG] - Validando especificaciones técnicas (voltajes, potencias...)
2026-02-10 17:54:42 - [DEBUG] - 
>> Validando ESPECIFICACIONES TÉCNICAS (CB Scheme)
2026-02-10 17:54:42 - [DEBUG] -    Specs desde datasheet: Estación de energía portátil

- Especificaciones eléctricas:

Entradas:

- CA: 220-240 V~, 50/60Hz, ...
2026-02-10 17:54:42 - [DEBUG] -    Valores técnicos en datasheet: {'50Hz', '300W', '105 A', '240 V~', '5A', '1000W', '800W', '1008 W', '240V~', '220 V~', '5V⎓', '20V⎓', '28V⎓', '2200W', '400W', '100W', '960 W', '60Hz', '4,5A', '2,4A', '12W', '230V~', '9,6V⎓', '100 A', '60 Hz'}
2026-02-10 17:54:42 - [DEBUG] -    Valores técnicos en certificado: 26 encontrados
2026-02-10 17:54:42 - [DEBUG] -    Coincidencias: {'2200W', '400W', '50Hz', '100W', '12W', '300W', '5A', '1000W', '60Hz', '800W'}
2026-02-10 17:54:42 - [WARNING] -    ⚠️ SPECS: Match parcial (10/25 valores)
2026-02-10 17:54:42 - [INFO] - 
2026-02-10 17:54:42 - [WARNING] - Estado: WARNING (1 advertencias)
2026-02-10 17:54:42 - [INFO] - 
2026-02-10 17:54:42 - [INFO] - ════════════════════════════════════════════════════════════
2026-02-10 17:54:42 - [INFO] - AUDITORÍA COMPLETADA - Estado global: WARNING
2026-02-10 17:54:42 - [INFO] - ════════════════════════════════════════════════════════════
2026-02-10 17:54:42 - [INFO] - 
2026-02-10 17:54:42 - [INFO] - Auditoría completada. Estado: WARNING
