2026-02-10 17:40:46 - [INFO] - Argos iniciado correctamente
2026-02-10 17:40:52 - [INFO] - Datasheet cargado: C:/Users/FDean/Antigravity/Argos Proyect/Datasheet caso 4 convenio.xlsx
2026-02-10 17:40:53 - [INFO] - Parseando datasheet...
2026-02-10 17:40:53 - [INFO] - Datasheet parseado: SEGURIDAD_ELECTRICA - DJI - 1 modelo(s)
2026-02-10 17:40:54 - [INFO] - 1 certificado(s) agregado(s)
2026-02-10 17:40:55 - [INFO] - === INICIANDO AUDITORÍA ===
2026-02-10 17:40:55 - [INFO] - Datasheet: C:/Users/FDean/Antigravity/Argos Proyect/Datasheet caso 4 convenio.xlsx
2026-02-10 17:40:55 - [INFO] - Certificados: 1
2026-02-10 17:40:55 - [INFO] - Mapeado: SEGURIDAD_ELECTRICA -> datasheet caso 4 CE.pdf
2026-02-10 17:40:55 - [INFO] - Ejecutando auditoría con estrategias adaptativas...
2026-02-10 17:40:55 - [INFO] - 
2026-02-10 17:40:55 - [INFO] - ╔══════════════════════════════════════════╗
2026-02-10 17:40:55 - [INFO] - ║  INICIANDO AUDITORÍA MULTICERTIFICADO   ║
2026-02-10 17:40:55 - [INFO] - ╚══════════════════════════════════════════╝
2026-02-10 17:40:55 - [INFO] - 
2026-02-10 17:40:55 - [INFO] - Certificados requeridos: 1
2026-02-10 17:40:55 - [INFO] -   1. SEGURIDAD_ELECTRICA
2026-02-10 17:40:55 - [INFO] - 
2026-02-10 17:40:55 - [INFO] - ────────────────────────────────────────────────────────────
2026-02-10 17:40:55 - [INFO] - PROCESANDO: SEGURIDAD_ELECTRICA
2026-02-10 17:40:55 - [INFO] - ────────────────────────────────────────────────────────────
2026-02-10 17:40:55 - [INFO] - 📄 PDF: datasheet caso 4 CE.pdf
2026-02-10 17:40:55 - [DEBUG] -   Path completo: C:/Users/FDean/Antigravity/Argos Proyect/datasheet caso 4 CE.pdf
2026-02-10 17:40:55 - [DEBUG] - Extrayendo texto del PDF...
2026-02-10 17:40:55 - [INFO] - ✓ Texto extraído: 2898 caracteres
2026-02-10 17:40:55 - [DEBUG] -   Primeros 200 caracteres: 10/061SMD 2024-12 rke-simplified
 Ref. Certif. No. 
JPTUV-180629 
IEC SYSTEM FOR MUTUAL RECOGNITION OF TEST CERTIFICATES FOR ELECTRICAL EQUIPMENT 
(IECEE) CB SCHEME 
CB TEST CERTIFICATE 
Product 
Port...
2026-02-10 17:40:55 - [DEBUG] - Tipo de producto: SEGURIDAD_ELECTRICA
2026-02-10 17:40:55 - [DEBUG] - 
=== DETECCIÓN DE ESTRATEGIA DE VALIDACIÓN ===
2026-02-10 17:40:55 - [DEBUG] - Tipo de producto: SEGURIDAD_ELECTRICA
2026-02-10 17:40:55 - [DEBUG] - Analizando contenido del certificado...
2026-02-10 17:40:55 - [INFO] - ✓ Estrategia detectada: CB SCHEME
2026-02-10 17:40:55 - [DEBUG] - Keywords encontradas: CB Scheme / IECEE
2026-02-10 17:40:55 - [INFO] - 
2026-02-10 17:40:55 - [INFO] - === Validación con CB SCHEME STRATEGY ===
2026-02-10 17:40:55 - [INFO] - Tipo de certificado: SEGURIDAD_ELECTRICA
2026-02-10 17:40:55 - [DEBUG] - CB Scheme: Estructura internacional estandarizada
2026-02-10 17:40:55 - [DEBUG] - Campo MARCA en CB: Aparece como 'Trademark' o 'Brand'
2026-02-10 17:40:55 - [DEBUG] - 
>> Validando campo: MARCA (Hard Match)
2026-02-10 17:40:55 - [DEBUG] -    Esperado: "DJI"
2026-02-10 17:40:55 - [DEBUG] -    Buscando en PDF...
2026-02-10 17:40:55 - [DEBUG] -    Valores a buscar: ['DJI']
2026-02-10 17:40:55 - [INFO] -    ✓ Marca: Match encontrado - "DJI"
2026-02-10 17:40:55 - [DEBUG] - Campo MODELO en CB: Aparece como 'Model' o 'Type Reference'
2026-02-10 17:40:55 - [DEBUG] - 
>> Validando MODELOS (Lista completa)
2026-02-10 17:40:55 - [DEBUG] -    Modelos esperados: ['DYM1000M']
2026-02-10 17:40:55 - [DEBUG] -    Buscando modelo: "DYM1000M"
2026-02-10 17:40:55 - [DEBUG] -       → ✓ Encontrado
2026-02-10 17:40:55 - [INFO] -    ✓ MODELOS: Todos encontrados (1 modelos)
2026-02-10 17:40:55 - [DEBUG] - Campo FÁBRICA: Threshold relajado (70%) por formato variable
2026-02-10 17:40:55 - [DEBUG] - 
>> Validando campo: FÁBRICA (Fuzzy Match, threshold=70%)
2026-02-10 17:40:55 - [DEBUG] -    Esperado: ['Lobby of T2, DJI Sky City, No. 53 Xianyuan Road, Xili Community, Xili Street, Nanshan District, Shenzhen, China.']
2026-02-10 17:40:55 - [DEBUG] -    Buscando coincidencias fuzzy...
2026-02-10 17:40:55 - [DEBUG] -    - "Lobby of T2, DJI Sky City, No. 53 Xianyuan Road, Xili Community, Xili Street, Nanshan District, Shenzhen, China.": 96% similitud
2026-02-10 17:40:55 - [INFO] -    ✓ Fábrica: Match aceptable (96% >= 70%)
2026-02-10 17:40:55 - [DEBUG] - Validando especificaciones técnicas (voltajes, potencias...)
2026-02-10 17:40:55 - [DEBUG] - 
>> Validando ESPECIFICACIONES TÉCNICAS (CB Scheme)
2026-02-10 17:40:55 - [DEBUG] -    Specs desde datasheet: Estación de energía portátil

- Especificaciones eléctricas:

Entradas:

- CA: 220-240 V~, 50/60Hz, ...
2026-02-10 17:40:55 - [DEBUG] -    Valores técnicos en datasheet: {'5A', '960 W', '2,4A', '60 Hz', '20V⎓', '50Hz', '4,5A', '12W', '300W', '28V⎓', '9,6V⎓', '240V~', '230V~', '2200W', '100 A', '60Hz', '105 A', '5V⎓', '220 V~', '1008 W', '1000W', '800W', '400W', '100W', '240 V~'}
2026-02-10 17:40:55 - [DEBUG] -    Valores técnicos en certificado: 26 encontrados
2026-02-10 17:40:55 - [DEBUG] -    Coincidencias: {'60Hz', '50Hz', '5A', '2200W', '12W', '1000W', '800W', '400W', '300W', '100W'}
2026-02-10 17:40:55 - [WARNING] -    ⚠️ SPECS: Match parcial (10/25 valores)
2026-02-10 17:40:55 - [INFO] - 
2026-02-10 17:40:55 - [WARNING] - Estado: WARNING (1 advertencias)
2026-02-10 17:40:55 - [INFO] - 
2026-02-10 17:40:55 - [INFO] - ════════════════════════════════════════════════════════════
2026-02-10 17:40:55 - [INFO] - AUDITORÍA COMPLETADA - Estado global: WARNING
2026-02-10 17:40:55 - [INFO] - ════════════════════════════════════════════════════════════
2026-02-10 17:40:55 - [INFO] - 
2026-02-10 17:40:55 - [INFO] - Auditoría completada. Estado: WARNING
2026-02-10 17:40:56 - [INFO] - Resultados mostrados inline
