2026-02-18 20:01:25 - [INFO] - Cambiando a tab:  verificador
2026-02-18 20:01:25 - [INFO] - Argos iniciado correctamente
2026-02-18 20:01:32 - [INFO] - Datasheet cargado: C:/Users/FDean/Antigravity/Argos Proyect/Caso 8 Seguridad electrica.xlsx
2026-02-18 20:01:33 - [INFO] - Parseando datasheet...
2026-02-18 20:01:33 - [INFO] - Datasheet parseado: SEGURIDAD_ELECTRICA - GADNIC - 5 modelo(s)
2026-02-18 20:01:35 - [INFO] - 1 certificado(s) agregado(s)
2026-02-18 20:01:36 - [INFO] - === INICIANDO AUDITORÍA ===
2026-02-18 20:01:36 - [INFO] - Datasheet: C:/Users/FDean/Antigravity/Argos Proyect/Caso 8 Seguridad electrica.xlsx
2026-02-18 20:01:36 - [INFO] - Certificados: 1
2026-02-18 20:01:36 - [INFO] - Mapeado: SEGURIDAD_ELECTRICA -> CASO 8 Seguridad electrica.pdf
2026-02-18 20:01:36 - [INFO] - Ejecutando auditoría con estrategias adaptativas...
2026-02-18 20:01:36 - [INFO] - 
2026-02-18 20:01:36 - [INFO] - ╔══════════════════════════════════════════╗
2026-02-18 20:01:36 - [INFO] - ║  INICIANDO AUDITORÍA MULTICERTIFICADO   ║
2026-02-18 20:01:36 - [INFO] - ╚══════════════════════════════════════════╝
2026-02-18 20:01:36 - [INFO] - 
2026-02-18 20:01:36 - [INFO] - Certificados requeridos: 1
2026-02-18 20:01:36 - [INFO] -   1. SEGURIDAD_ELECTRICA
2026-02-18 20:01:36 - [INFO] - 
2026-02-18 20:01:36 - [INFO] - ────────────────────────────────────────────────────────────
2026-02-18 20:01:36 - [INFO] - PROCESANDO: SEGURIDAD_ELECTRICA
2026-02-18 20:01:36 - [INFO] - ────────────────────────────────────────────────────────────
2026-02-18 20:01:36 - [INFO] - 📄 PDF: CASO 8 Seguridad electrica.pdf
2026-02-18 20:01:36 - [DEBUG] -   Path completo: C:/Users/FDean/Antigravity/Argos Proyect/CASO 8 Seguridad electrica.pdf
2026-02-18 20:01:36 - [DEBUG] - Extrayendo texto del PDF...
2026-02-18 20:01:36 - [INFO] - ✓ Texto extraído: 3895 caracteres
2026-02-18 20:01:36 - [DEBUG] -   Primeros 200 caracteres: Certificado de Tipo 
Type Certificate 
 
Sistema N°2 ISO/IEC 17067 
System N°2 ISO/IEC 17067 
Referencia de Certificado: 
Certificate reference: 
LCSH-2058 
Lenor S.R.L. – Organismo de certificación  ...
2026-02-18 20:01:36 - [DEBUG] - Tipo de producto: SEGURIDAD_ELECTRICA
2026-02-18 20:01:36 - [DEBUG] - 
=== DETECCIÓN DE ESTRATEGIA DE VALIDACIÓN ===
2026-02-18 20:01:36 - [DEBUG] - Tipo de producto: SEGURIDAD_ELECTRICA
2026-02-18 20:01:36 - [DEBUG] - Analizando contenido del certificado...
2026-02-18 20:01:36 - [INFO] - ✓ Estrategia detectada: QUEKTRA
2026-02-18 20:01:36 - [DEBUG] - Keywords encontradas: Q-AR- / ISO/IEC 17067 / Conformidad de Tipo
2026-02-18 20:01:36 - [INFO] - 
2026-02-18 20:01:36 - [INFO] - === Validación con QUEKTRA STRATEGY ===
2026-02-18 20:01:36 - [INFO] - Tipo de certificado: SEGURIDAD_ELECTRICA
2026-02-18 20:01:36 - [DEBUG] - Quektra: Certificadora nacional argentina (ISO/IEC 17067 Sistema Nº 2)
2026-02-18 20:01:36 - [DEBUG] - Campo MARCA: Aparece como 'Trademark' o directamente en sección
2026-02-18 20:01:36 - [DEBUG] - 
>> Validando campo: MARCA (Hard Match)
2026-02-18 20:01:36 - [DEBUG] -    Esperado: "GADNIC"
2026-02-18 20:01:36 - [DEBUG] -    Buscando en PDF...
2026-02-18 20:01:36 - [DEBUG] -    Valores a buscar: ['GADNIC']
2026-02-18 20:01:36 - [INFO] -    ✓ Marca: Match encontrado - "GADNIC"
2026-02-18 20:01:36 - [DEBUG] - Campo MODELOS: Pueden aparecer en 'Model or type' o tabla separada
2026-02-18 20:01:36 - [DEBUG] - 
>> Validando MODELOS (Lista completa)
2026-02-18 20:01:36 - [DEBUG] -    Modelos esperados: ['BA6800', 'BMBE35', 'PSC74', 'PROY56', 'BAM953']
2026-02-18 20:01:36 - [DEBUG] -    Buscando modelo: "BA6800"
2026-02-18 20:01:36 - [DEBUG] -       → ✓ Encontrado
2026-02-18 20:01:36 - [DEBUG] -    Buscando modelo: "BMBE35"
2026-02-18 20:01:36 - [DEBUG] -       → ✓ Encontrado
2026-02-18 20:01:36 - [DEBUG] -    Buscando modelo: "PSC74"
2026-02-18 20:01:36 - [DEBUG] -       → ✓ Encontrado
2026-02-18 20:01:36 - [DEBUG] -    Buscando modelo: "PROY56"
2026-02-18 20:01:36 - [DEBUG] -       → ✓ Encontrado
2026-02-18 20:01:36 - [DEBUG] -    Buscando modelo: "BAM953"
2026-02-18 20:01:36 - [DEBUG] -       → ✓ Encontrado
2026-02-18 20:01:36 - [INFO] -    ✓ MODELOS: Todos encontrados (5 modelos)
2026-02-18 20:01:36 - [DEBUG] - Campo FÁBRICA: Nombre completo del fabricante
2026-02-18 20:01:36 - [DEBUG] - 
>> Validando campo: FÁBRICA (Fuzzy Match, threshold=85%)
2026-02-18 20:01:36 - [DEBUG] -    Esperado: ['Jiaxing Quancheng Inflatable Products Co., Ltd.']
2026-02-18 20:01:36 - [DEBUG] -    Buscando coincidencias fuzzy...
2026-02-18 20:01:36 - [DEBUG] -    - "Jiaxing Quancheng Inflatable Products Co., Ltd.": 100% similitud
2026-02-18 20:01:36 - [INFO] -    ✓ Fábrica: Match aceptable (100% >= 85%)
2026-02-18 20:01:36 - [DEBUG] - Campo DIRECCIÓN: Dirección completa con provincia/país
2026-02-18 20:01:36 - [DEBUG] - 
>> Validando campo: DIRECCIÓN FÁBRICA (Fuzzy Match, threshold=85%)
2026-02-18 20:01:36 - [DEBUG] -    Esperado: ['2nd Floor, Wanqing Textile Co., Ltd., North Side of Shuangqiao Gas Station, Xiuzhou District, Jiaxing City, Zhejiang Province, China.']
2026-02-18 20:01:36 - [DEBUG] -    Buscando coincidencias fuzzy...
2026-02-18 20:01:36 - [DEBUG] -    - "2nd Floor, Wanqing Textile Co., Ltd., North Side of Shuangqiao Gas Station, Xiuzhou District, Jiaxing City, Zhejiang Province, China.": 99% similitud
2026-02-18 20:01:36 - [INFO] -    ✓ Dirección Fábrica: Match aceptable (99% >= 85%)
2026-02-18 20:01:36 - [DEBUG] - Validando especificaciones técnicas (voltajes, corrientes, potencias...)
2026-02-18 20:01:36 - [DEBUG] - 
>> Validando campo: SPECS TÉCNICAS
2026-02-18 20:01:36 - [DEBUG] -    Specs individuales a buscar: 1
2026-02-18 20:01:36 - [INFO] -    ✓ Specs Técnicas: Todas encontradas
2026-02-18 20:01:36 - [INFO] - 
2026-02-18 20:01:36 - [INFO] - Estado: ✓ OK - Validación exitosa
2026-02-18 20:01:36 - [INFO] - 
2026-02-18 20:01:36 - [INFO] - ════════════════════════════════════════════════════════════
2026-02-18 20:01:36 - [INFO] - AUDITORÍA COMPLETADA - Estado global: OK
2026-02-18 20:01:36 - [INFO] - ════════════════════════════════════════════════════════════
2026-02-18 20:01:36 - [INFO] - 
2026-02-18 20:01:36 - [INFO] - Auditoría completada. Estado: OK
2026-02-18 20:01:36 - [INFO] - Mostrando pantalla de resultados...
2026-02-18 20:01:36 - [INFO] - Tab bar oculto
2026-02-18 20:01:36 - [INFO] - Content container oculto correctamente
2026-02-18 20:01:36 - [INFO] - Estado global auditoría: OK
2026-02-18 20:01:36 - [INFO] - Scroll frame creado
2026-02-18 20:01:36 - [INFO] - Procesando 1 certificados en UI
2026-02-18 20:01:36 - [INFO] - Creando tarjeta para: CERT_SEGURIDAD_ELECTRICA
2026-02-18 20:01:37 - [INFO] - Pantalla de resultados renderizada completamente
2026-02-18 20:01:38 - [INFO] - === ABRIENDO VISTA DJC ===
2026-02-18 20:01:39 - [ERROR] - Error abriendo vista DJC: cannot use geometry manager pack inside .!ctkframe5.!ctkframe3.!canvas.!ctkscrollableframe.!ctkframe21.!ctkframe which already has slaves managed by grid
2026-02-18 20:01:39 - [ERROR] - Traceback (most recent call last):
  File "C:\Users\FDean\Antigravity\Argos Proyect\argos_main.py", line 1028, in show_djc_view
    self._djc_info_panel(scroll, info_panel, colors)
    ~~~~~~~~~~~~~~~~~~~~^^^^^^^^^^^^^^^^^^^^^^^^^^^^
  File "C:\Users\FDean\Antigravity\Argos Proyect\argos_main.py", line 1192, in _djc_info_panel
    copy_btn.pack(side="right", padx=5)
    ~~~~~~~~~~~~~^^^^^^^^^^^^^^^^^^^^^^
  File "C:\Users\FDean\AppData\Local\Python\pythoncore-3.14-64\Lib\site-packages\customtkinter\windows\widgets\core_widget_classes\ctk_base_class.py", line 298, in pack
    return super().pack(**self._apply_argument_scaling(kwargs))
           ~~~~~~~~~~~~^^^^^^^^^^^^^^^^^^^^^^^^^^^^^^^^^^^^^^^^
  File "C:\Users\FDean\AppData\Local\Python\pythoncore-3.14-64\Lib\tkinter\__init__.py", line 2616, in pack_configure
    self.tk.call(
    ~~~~~~~~~~~~^
          ('pack', 'configure', self._w)
          ^^^^^^^^^^^^^^^^^^^^^^^^^^^^^^
          + self._options(cnf, kw))
          ^^^^^^^^^^^^^^^^^^^^^^^^^
_tkinter.TclError: cannot use geometry manager pack inside .!ctkframe5.!ctkframe3.!canvas.!ctkscrollableframe.!ctkframe21.!ctkframe which already has slaves managed by grid

2026-02-18 20:02:18 - [INFO] - === GENERANDO DJC ===
2026-02-18 20:02:33 - [ERROR] - Error generando DJC: code=2: cannot remove file 'C:/Users/FDean/Antigravity/Argos Proyect\DJC_873_completo.pdf': Permission denied
2026-02-18 20:02:33 - [ERROR] - Traceback (most recent call last):
  File "C:\Users\FDean\Antigravity\Argos Proyect\argos_main.py", line 1282, in _execute_djc_generation
    merged_path = self.djc_gen.merge_pdfs(pdf_path, self.certificate_paths[0])
  File "C:\Users\FDean\Antigravity\Argos Proyect\modules\m3_djc_generator.py", line 660, in merge_pdfs
    merged.save(output_path)
    ~~~~~~~~~~~^^^^^^^^^^^^^
  File "C:\Users\FDean\AppData\Local\Python\pythoncore-3.14-64\Lib\site-packages\pymupdf\__init__.py", line 6544, in save
    mupdf.pdf_save_document(pdf, filename, opts)
    ~~~~~~~~~~~~~~~~~~~~~~~^^^^^^^^^^^^^^^^^^^^^
  File "C:\Users\FDean\AppData\Local\Python\pythoncore-3.14-64\Lib\site-packages\pymupdf\mupdf.py", line 56040, in pdf_save_document
    return _mupdf.pdf_save_document(doc, filename, opts)
           ~~~~~~~~~~~~~~~~~~~~~~~~^^^^^^^^^^^^^^^^^^^^^
pymupdf.mupdf.FzErrorSystem: code=2: cannot remove file 'C:/Users/FDean/Antigravity/Argos Proyect\DJC_873_completo.pdf': Permission denied

