2026-03-04 15:29:39 - [INFO] - Cambiando a tab:  verificador
2026-03-04 15:29:39 - [INFO] - Argos iniciado correctamente
2026-03-04 15:29:41 - [INFO] - Cambiando a tab:  generador
2026-03-04 15:30:29 - [INFO] - Certificado cargado: DJC13435SE_COD - BIDCOM - TCSE-IACSA-0146324.1.pdf
2026-03-04 15:30:37 - [INFO] - Nota de extensión cargada: Nota de ExtensiÃ³n Bidcom SRL 02-26 (2).pdf
2026-03-04 15:30:41 - [INFO] - === GENERANDO DJC DIRECTO ===
2026-03-04 15:30:41 - [INFO] - [M3] Modo: extension
2026-03-04 15:30:41 - [INFO] - [M3] Archivo: DJC13435SE_COD - BIDCOM - TCSE-IACSA-0146324.1.pdf
2026-03-04 15:30:41 - [INFO] - [M3] Extensiones seleccionadas: Compra Rápido S.R.L.
2026-03-04 15:30:41 - [INFO] - [M3] Inicializando DJCGenerator...
2026-03-04 15:30:41 - [INFO] - [M3] Extrayendo texto del PDF...
2026-03-04 15:30:41 - [INFO] - [M3] ── Nro. Certificado : IACSA-0146/324
2026-03-04 15:30:41 - [INFO] - [M3] ── OEC detectado   : Intertek
2026-03-04 15:30:41 - [INFO] - [M3] ── Normas          : IEC 60335-1: 2020 (Ed. 6.0) + IEC 60335-2-2: 2019 (Ed. 7.0)
2026-03-04 15:30:41 - [INFO] - [M3] ── Fecha emisión   : [no encontrada]
2026-03-04 15:30:41 - [INFO] - [M3] ── Fecha venc.     : [no encontrada]
2026-03-04 15:30:41 - [INFO] - [M3] ── Reglamento      : Res. SIyC Nº 16/2025 – Ap. II (Aparatos Eléctricos Domésticos)
2026-03-04 15:30:41 - [INFO] - [M3] Extrayendo datos del producto...
2026-03-04 15:30:41 - [INFO] - [M3] ── Marca           : GADNIC.
2026-03-04 15:30:41 - [INFO] - [M3] ── Fabricante      : TCSE-IACSA-0146/324.1 - F40.
2026-03-04 15:30:41 - [INFO] - [M3] ── Producto desc   : Aspiradora.
2026-03-04 15:30:41 - [INFO] - [M3] ── Modelos         : 1) FKN700; 2) FKN70; 3) FKN75; 4) FKN750; 5) FKN760; 6) MCA650; 7) MCA65; 8) MCA
2026-03-04 15:30:41 - [INFO] - [M3] ── Specs           : 220V~; 50Hz; IPX4; Clase I; 1-5) 700W; 6-10) 450W; 11-15) 400W.
2026-03-04 15:30:41 - [INFO] - [M3] ── Fecha emisión   : 22/4/2025
2026-03-04 15:30:41 - [INFO] - [M3] ── Fecha venc.     : 22/04/2027
2026-03-04 15:30:41 - [INFO] - [M3] Armando datos finales DJC...
2026-03-04 15:30:41 - [INFO] - [M3] Bidcom manual: 'C558' → ID: DJC-SE-0326-C558-ITK-V1
2026-03-04 15:30:41 - [INFO] - [M3] ✓ Datos listos — abriendo formulario DJC
2026-03-04 15:30:41 - [INFO] - === ABRIENDO VISTA DJC ===
2026-03-04 15:30:41 - [INFO] - Vista DJC renderizada correctamente
2026-03-04 15:34:03 - [INFO] - === GENERANDO DJC ===
2026-03-04 15:34:04 - [INFO] - [M3] DJC Word guardada en: C:\Users\FDean\Documents\DJC generadas\C558\Extensiones\Compra Rápido S.R.L.\DJC-SE-0326-C558-ITK-COMP-V1_djc.docx
2026-03-04 15:34:12 - [INFO] - [M3] ✓ PDF final: C:\Users\FDean\Documents\DJC generadas\C558\Extensiones\Compra Rápido S.R.L.\DJC-SE-0326-C558-ITK-COMP-V1.pdf
2026-03-04 15:34:12 - [INFO] - [M3] ✓ Extensión Compra Rápido S.R.L. completada
2026-03-04 15:34:12 - [INFO] - [M3] === 1 extensiones generadas ===
2026-03-04 15:34:12 - [INFO] -   → DJC-SE-0326-C558-ITK-COMP-V1.pdf
2026-03-04 16:39:32 - [INFO] - Cambiando a tab:  generador
2026-03-04 16:40:12 - [INFO] - Certificado cargado: DJC14205SE_COD - BIDCOM - TCSE-IACSA-0146325.1R1.pdf
2026-03-04 16:40:35 - [INFO] - Nota de extensión cargada: Nota de ExtensiÃ³n Bidcom SRL 02-26 (2).pdf
2026-03-04 16:40:56 - [INFO] - === GENERANDO DJC DIRECTO ===
2026-03-04 16:40:56 - [INFO] - [M3] Modo: extension
2026-03-04 16:40:56 - [INFO] - [M3] Archivo: DJC14205SE_COD - BIDCOM - TCSE-IACSA-0146325.1R1.pdf
2026-03-04 16:40:56 - [INFO] - [M3] Extensiones seleccionadas: Compra Rápido S.R.L.
2026-03-04 16:40:56 - [INFO] - [M3] Inicializando DJCGenerator...
2026-03-04 16:40:56 - [INFO] - [M3] Extrayendo texto del PDF...
2026-03-04 16:40:56 - [INFO] - [M3] ── Nro. Certificado : IACSA-0146/325
2026-03-04 16:40:56 - [INFO] - [M3] ── OEC detectado   : Intertek
2026-03-04 16:40:56 - [INFO] - [M3] ── Normas          : IEC 60335-1: 2020 (Ed. 6.0) + IEC 60335-2-2: 2019 (Ed. 7.0)
2026-03-04 16:40:56 - [INFO] - [M3] ── Fecha emisión   : [no encontrada]
2026-03-04 16:40:56 - [INFO] - [M3] ── Fecha venc.     : [no encontrada]
2026-03-04 16:40:56 - [INFO] - [M3] ── Reglamento      : Res. SIyC Nº 16/2025 – Ap. II (Aparatos Eléctricos Domésticos)
2026-03-04 16:40:56 - [INFO] - [M3] Extrayendo datos del producto...
2026-03-04 16:40:56 - [INFO] - [M3] ── Marca           : GADNIC.
2026-03-04 16:40:56 - [INFO] - [M3] ── Fabricante      : TCSE-IACSA-0146/325.1R1 - F13.
2026-03-04 16:40:56 - [INFO] - [M3] ── Producto desc   : Aspiradora Eléctrica.
2026-03-04 16:40:56 - [INFO] - [M3] ── Modelos         : 1) VACM480; 2) INC80; 3) ASTCH48; 4) VAM1200; 5) CLNE802; 6) VC1248; 7) MG500; 8
2026-03-04 16:40:56 - [INFO] - [M3] ── Specs           : 220V~; 50Hz; Clase II; 1-12) 41) 1200W; 13-22) 1000W; 23-28) 600W; 29-34) 450W; 35-40) 330W.
2026-03-04 16:40:56 - [INFO] - [M3] ── Fecha emisión   : 11/02/2026
2026-03-04 16:40:56 - [INFO] - [M3] ── Fecha venc.     : 11/02/2028
2026-03-04 16:40:56 - [INFO] - [M3] Armando datos finales DJC...
2026-03-04 16:40:56 - [INFO] - [M3] Bidcom manual: 'C601' → ID: DJC-SE-0326-C601-ITK-V1
2026-03-04 16:40:56 - [INFO] - [M3] ✓ Datos listos — abriendo formulario DJC
2026-03-04 16:40:56 - [INFO] - === ABRIENDO VISTA DJC ===
2026-03-04 16:40:56 - [INFO] - Vista DJC renderizada correctamente
2026-03-04 16:43:47 - [INFO] - === GENERANDO DJC ===
2026-03-04 16:43:47 - [INFO] - [M3] DJC Word guardada en: C:\Users\FDean\Documents\DJC generadas\C601\Extensiones\Compra Rápido S.R.L.\DJC-SE-0326-C601-ITK-COMP-V1_djc.docx
2026-03-04 16:43:59 - [INFO] - [M3] ✓ PDF final: C:\Users\FDean\Documents\DJC generadas\C601\Extensiones\Compra Rápido S.R.L.\DJC-SE-0326-C601-ITK-COMP-V1.pdf
2026-03-04 16:43:59 - [INFO] - [M3] ✓ Extensión Compra Rápido S.R.L. completada
2026-03-04 16:43:59 - [INFO] - [M3] === 1 extensiones generadas ===
2026-03-04 16:43:59 - [INFO] -   → DJC-SE-0326-C601-ITK-COMP-V1.pdf
